Archive member included to satisfy reference by file (symbol)

/home/halip/x-tools/riscv64-unknown-elf/lib/gcc/riscv64-unknown-elf/12.2.0/libgcc.a(_clzsi2.o)
                              build//home/halip/projects/my_diplom/src_FreeRtos/tasks.o (__clzsi2)
/home/halip/x-tools/riscv64-unknown-elf/lib/gcc/riscv64-unknown-elf/12.2.0/libgcc.a(_clz.o)
                              /home/halip/x-tools/riscv64-unknown-elf/lib/gcc/riscv64-unknown-elf/12.2.0/libgcc.a(_clzsi2.o) (__clz_tab)
/home/halip/x-tools/riscv64-unknown-elf/lib/gcc/riscv64-unknown-elf/12.2.0/../../../../riscv64-unknown-elf/lib/libc.a(lib_a-memcpy-asm.o)
                              build//home/halip/projects/my_diplom/src_FreeRtos/queue.o (memcpy)
/home/halip/x-tools/riscv64-unknown-elf/lib/gcc/riscv64-unknown-elf/12.2.0/../../../../riscv64-unknown-elf/lib/libc.a(lib_a-memset.o)
                              build//home/halip/projects/my_diplom/src_FreeRtos/stream_buffer.o (memset)
/home/halip/x-tools/riscv64-unknown-elf/lib/gcc/riscv64-unknown-elf/12.2.0/../../../../riscv64-unknown-elf/lib/libc.a(lib_a-strcmp.o)
                              build//home/halip/projects/my_diplom/demo_src/Minimal/TimerDemo.o (strcmp)
/home/halip/x-tools/riscv64-unknown-elf/lib/gcc/riscv64-unknown-elf/12.2.0/../../../../riscv64-unknown-elf/lib/libc.a(lib_a-strlen.o)
                              build//home/halip/projects/my_diplom/src_FreeRtos/tasks.o (strlen)

Discarded input sections

 .text          0x00000000        0x0 build/main.o
 .data          0x00000000        0x0 build/main.o
 .bss           0x00000000        0x0 build/main.o
 .text.vApplicationIdleHook
                0x00000000        0x2 build/main.o
 .text          0x00000000        0x0 build/main_blinky.o
 .data          0x00000000        0x0 build/main_blinky.o
 .bss           0x00000000        0x0 build/main_blinky.o
 .text          0x00000000        0x0 build/riscv-virt.o
 .data          0x00000000        0x0 build/riscv-virt.o
 .bss           0x00000000        0x0 build/riscv-virt.o
 .text.xGetCoreID
                0x00000000        0x6 build/riscv-virt.o
 .text.handle_trap
                0x00000000        0x2 build/riscv-virt.o
 .text          0x00000000        0x0 build/ns16550.o
 .data          0x00000000        0x0 build/ns16550.o
 .bss           0x00000000        0x0 build/ns16550.o
 .text.vOutNS16550
                0x00000000       0x14 build/ns16550.o
 .comment       0x00000000       0x35 build/ns16550.o
 .riscv.attributes
                0x00000000       0x3d build/ns16550.o
 .text          0x00000000        0x0 build/spi.o
 .data          0x00000000        0x0 build/spi.o
 .bss           0x00000000        0x0 build/spi.o
 .text.spi_min_clk_divisor
                0x00000000       0x16 build/spi.o
 .text.spi_txrx
                0x00000000       0x14 build/spi.o
 .text.spi_copy
                0x00000000       0xca build/spi.o
 .text          0x00000000        0x0 build//home/halip/projects/my_diplom/demo_src/Minimal/EventGroupsDemo.o
 .data          0x00000000        0x0 build//home/halip/projects/my_diplom/demo_src/Minimal/EventGroupsDemo.o
 .bss           0x00000000        0x0 build//home/halip/projects/my_diplom/demo_src/Minimal/EventGroupsDemo.o
 .text.prvSyncTask
                0x00000000       0xde build//home/halip/projects/my_diplom/demo_src/Minimal/EventGroupsDemo.o
 .text.prvTestSlaveTask
                0x00000000      0x172 build//home/halip/projects/my_diplom/demo_src/Minimal/EventGroupsDemo.o
 .text.prvTestMasterTask
                0x00000000      0x55e build//home/halip/projects/my_diplom/demo_src/Minimal/EventGroupsDemo.o
 .rodata.vStartEventGroupTasks.str1.4
                0x00000000       0x15 build//home/halip/projects/my_diplom/demo_src/Minimal/EventGroupsDemo.o
 .text.vStartEventGroupTasks
                0x00000000       0xe2 build//home/halip/projects/my_diplom/demo_src/Minimal/EventGroupsDemo.o
 .text.vPeriodicEventGroupsProcessing
                0x00000000       0xf2 build//home/halip/projects/my_diplom/demo_src/Minimal/EventGroupsDemo.o
 .text.xAreEventGroupTasksStillRunning
                0x00000000       0x6c build//home/halip/projects/my_diplom/demo_src/Minimal/EventGroupsDemo.o
 .sbss.ulPreviousISRCycles.0
                0x00000000        0x4 build//home/halip/projects/my_diplom/demo_src/Minimal/EventGroupsDemo.o
 .sbss.ulPreviousWaitBitCycles.1
                0x00000000        0x4 build//home/halip/projects/my_diplom/demo_src/Minimal/EventGroupsDemo.o
 .sbss.ulPreviousSetBitCycles.2
                0x00000000        0x4 build//home/halip/projects/my_diplom/demo_src/Minimal/EventGroupsDemo.o
 .sbss.xISRTestError.3
                0x00000000        0x4 build//home/halip/projects/my_diplom/demo_src/Minimal/EventGroupsDemo.o
 .sbss.xCallCount.4
                0x00000000        0x4 build//home/halip/projects/my_diplom/demo_src/Minimal/EventGroupsDemo.o
 .sbss.xSyncTask2
                0x00000000        0x4 build//home/halip/projects/my_diplom/demo_src/Minimal/EventGroupsDemo.o
 .sbss.xSyncTask1
                0x00000000        0x4 build//home/halip/projects/my_diplom/demo_src/Minimal/EventGroupsDemo.o
 .sbss.xISREventGroup
                0x00000000        0x4 build//home/halip/projects/my_diplom/demo_src/Minimal/EventGroupsDemo.o
 .sbss.xEventGroup
                0x00000000        0x4 build//home/halip/projects/my_diplom/demo_src/Minimal/EventGroupsDemo.o
 .sbss.ulISRCycles
                0x00000000        0x4 build//home/halip/projects/my_diplom/demo_src/Minimal/EventGroupsDemo.o
 .sbss.ulTestSlaveCycles
                0x00000000        0x4 build//home/halip/projects/my_diplom/demo_src/Minimal/EventGroupsDemo.o
 .sbss.ulTestMasterCycles
                0x00000000        0x4 build//home/halip/projects/my_diplom/demo_src/Minimal/EventGroupsDemo.o
 .comment       0x00000000       0x35 build//home/halip/projects/my_diplom/demo_src/Minimal/EventGroupsDemo.o
 .riscv.attributes
                0x00000000       0x3d build//home/halip/projects/my_diplom/demo_src/Minimal/EventGroupsDemo.o
 .text          0x00000000        0x0 build//home/halip/projects/my_diplom/demo_src/Minimal/TaskNotify.o
 .data          0x00000000        0x0 build//home/halip/projects/my_diplom/demo_src/Minimal/TaskNotify.o
 .bss           0x00000000        0x0 build//home/halip/projects/my_diplom/demo_src/Minimal/TaskNotify.o
 .text.prvRand  0x00000000       0x22 build//home/halip/projects/my_diplom/demo_src/Minimal/TaskNotify.o
 .text.prvNotifyingTimer
                0x00000000       0x42 build//home/halip/projects/my_diplom/demo_src/Minimal/TaskNotify.o
 .rodata.prvNotifiedTask.str1.4
                0x00000000       0x19 build//home/halip/projects/my_diplom/demo_src/Minimal/TaskNotify.o
 .text.prvNotifiedTask
                0x00000000      0x89c build//home/halip/projects/my_diplom/demo_src/Minimal/TaskNotify.o
 .text.prvSuspendedTaskTimerTestCallback
                0x00000000       0x84 build//home/halip/projects/my_diplom/demo_src/Minimal/TaskNotify.o
 .rodata.vStartTaskNotifyTask.str1.4
                0x00000000        0x9 build//home/halip/projects/my_diplom/demo_src/Minimal/TaskNotify.o
 .text.vStartTaskNotifyTask
                0x00000000       0x42 build//home/halip/projects/my_diplom/demo_src/Minimal/TaskNotify.o
 .text.xNotifyTaskFromISR
                0x00000000       0xda build//home/halip/projects/my_diplom/demo_src/Minimal/TaskNotify.o
 .text.xAreTaskNotificationTasksStillRunning
                0x00000000       0x58 build//home/halip/projects/my_diplom/demo_src/Minimal/TaskNotify.o
 .sbss.ulLastNotifyCycleCount.0
                0x00000000        0x4 build//home/halip/projects/my_diplom/demo_src/Minimal/TaskNotify.o
 .sbss.xAPIToUse.1
                0x00000000        0x4 build//home/halip/projects/my_diplom/demo_src/Minimal/TaskNotify.o
 .sbss.xCallCount.2
                0x00000000        0x4 build//home/halip/projects/my_diplom/demo_src/Minimal/TaskNotify.o
 .sbss.ulCallCount.3
                0x00000000        0x4 build//home/halip/projects/my_diplom/demo_src/Minimal/TaskNotify.o
 .sbss.uxNextRand
                0x00000000        0x4 build//home/halip/projects/my_diplom/demo_src/Minimal/TaskNotify.o
 .sbss.xTimer   0x00000000        0x4 build//home/halip/projects/my_diplom/demo_src/Minimal/TaskNotify.o
 .sbss.ulTimerNotificationsSent
                0x00000000        0x4 build//home/halip/projects/my_diplom/demo_src/Minimal/TaskNotify.o
 .sbss.ulTimerNotificationsReceived
                0x00000000        0x4 build//home/halip/projects/my_diplom/demo_src/Minimal/TaskNotify.o
 .sbss.xTaskToNotify
                0x00000000        0x4 build//home/halip/projects/my_diplom/demo_src/Minimal/TaskNotify.o
 .sbss.ulNotifyCycleCount
                0x00000000        0x4 build//home/halip/projects/my_diplom/demo_src/Minimal/TaskNotify.o
 .sdata.xErrorStatus
                0x00000000        0x4 build//home/halip/projects/my_diplom/demo_src/Minimal/TaskNotify.o
 .comment       0x00000000       0x35 build//home/halip/projects/my_diplom/demo_src/Minimal/TaskNotify.o
 .riscv.attributes
                0x00000000       0x41 build//home/halip/projects/my_diplom/demo_src/Minimal/TaskNotify.o
 .text          0x00000000        0x0 build//home/halip/projects/my_diplom/demo_src/Minimal/TimerDemo.o
 .data          0x00000000        0x0 build//home/halip/projects/my_diplom/demo_src/Minimal/TimerDemo.o
 .bss           0x00000000        0x0 build//home/halip/projects/my_diplom/demo_src/Minimal/TimerDemo.o
 .text.prvISRAutoReloadTimerCallback
                0x00000000       0x14 build//home/halip/projects/my_diplom/demo_src/Minimal/TimerDemo.o
 .text.prvISROneShotTimerCallback
                0x00000000       0x14 build//home/halip/projects/my_diplom/demo_src/Minimal/TimerDemo.o
 .text.prvOneShotTimerCallback
                0x00000000       0x5e build//home/halip/projects/my_diplom/demo_src/Minimal/TimerDemo.o
 .rodata.prvTimerTestTask.str1.4
                0x00000000        0xe build//home/halip/projects/my_diplom/demo_src/Minimal/TimerDemo.o
 .text.prvTimerTestTask
                0x00000000      0x8ce build//home/halip/projects/my_diplom/demo_src/Minimal/TimerDemo.o
 .text.prvAutoReloadTimerCallback
                0x00000000       0x7e build//home/halip/projects/my_diplom/demo_src/Minimal/TimerDemo.o
 .rodata.vStartTimerDemoTask.str1.4
                0x00000000       0x24 build//home/halip/projects/my_diplom/demo_src/Minimal/TimerDemo.o
 .text.vStartTimerDemoTask
                0x00000000      0x256 build//home/halip/projects/my_diplom/demo_src/Minimal/TimerDemo.o
 .text.vTimerDemoIncludeBacklogTests
                0x00000000        0xa build//home/halip/projects/my_diplom/demo_src/Minimal/TimerDemo.o
 .text.xAreTimerDemoTasksStillRunning
                0x00000000       0x84 build//home/halip/projects/my_diplom/demo_src/Minimal/TimerDemo.o
 .text.vTimerPeriodicISRTests
                0x00000000      0x39a build//home/halip/projects/my_diplom/demo_src/Minimal/TimerDemo.o
 .sdata.uxTick.0
                0x00000000        0x4 build//home/halip/projects/my_diplom/demo_src/Minimal/TimerDemo.o
 .sbss.ulLastLoopCounter.1
                0x00000000        0x4 build//home/halip/projects/my_diplom/demo_src/Minimal/TimerDemo.o
 .sbss.xIterationsWithoutCounterIncrement.2
                0x00000000        0x4 build//home/halip/projects/my_diplom/demo_src/Minimal/TimerDemo.o
 .sbss.xLastCycleFrequency.3
                0x00000000        0x4 build//home/halip/projects/my_diplom/demo_src/Minimal/TimerDemo.o
 .sbss.uxCallCount.4
                0x00000000        0x4 build//home/halip/projects/my_diplom/demo_src/Minimal/TimerDemo.o
 .sbss.xBasePeriod
                0x00000000        0x4 build//home/halip/projects/my_diplom/demo_src/Minimal/TimerDemo.o
 .sbss.ucISROneShotTimerCounter
                0x00000000        0x1 build//home/halip/projects/my_diplom/demo_src/Minimal/TimerDemo.o
 .sbss.xISROneShotTimer
                0x00000000        0x4 build//home/halip/projects/my_diplom/demo_src/Minimal/TimerDemo.o
 .sbss.ucISRAutoReloadTimerCounter
                0x00000000        0x1 build//home/halip/projects/my_diplom/demo_src/Minimal/TimerDemo.o
 .sbss.xISRAutoReloadTimer
                0x00000000        0x4 build//home/halip/projects/my_diplom/demo_src/Minimal/TimerDemo.o
 .sbss.ucOneShotTimerCounter
                0x00000000        0x1 build//home/halip/projects/my_diplom/demo_src/Minimal/TimerDemo.o
 .sbss.xOneShotTimer
                0x00000000        0x4 build//home/halip/projects/my_diplom/demo_src/Minimal/TimerDemo.o
 .sbss.ucIsStopNeededInTimerZeroCallback
                0x00000000        0x1 build//home/halip/projects/my_diplom/demo_src/Minimal/TimerDemo.o
 .sbss.ucAutoReloadTimerCounters
                0x00000000        0x7 build//home/halip/projects/my_diplom/demo_src/Minimal/TimerDemo.o
 .bss.xAutoReloadTimers
                0x00000000       0x1c build//home/halip/projects/my_diplom/demo_src/Minimal/TimerDemo.o
 .sbss.ulLoopCounter
                0x00000000        0x4 build//home/halip/projects/my_diplom/demo_src/Minimal/TimerDemo.o
 .sbss.ucIsBacklogDemoEnabled
                0x00000000        0x1 build//home/halip/projects/my_diplom/demo_src/Minimal/TimerDemo.o
 .sdata.xTestStatus
                0x00000000        0x4 build//home/halip/projects/my_diplom/demo_src/Minimal/TimerDemo.o
 .comment       0x00000000       0x35 build//home/halip/projects/my_diplom/demo_src/Minimal/TimerDemo.o
 .riscv.attributes
                0x00000000       0x41 build//home/halip/projects/my_diplom/demo_src/Minimal/TimerDemo.o
 .text          0x00000000        0x0 build//home/halip/projects/my_diplom/demo_src/Minimal/blocktim.o
 .data          0x00000000        0x0 build//home/halip/projects/my_diplom/demo_src/Minimal/blocktim.o
 .bss           0x00000000        0x0 build//home/halip/projects/my_diplom/demo_src/Minimal/blocktim.o
 .text.vSecondaryBlockTimeTestTask
                0x00000000       0xe6 build//home/halip/projects/my_diplom/demo_src/Minimal/blocktim.o
 .text.vPrimaryBlockTimeTestTask
                0x00000000      0x424 build//home/halip/projects/my_diplom/demo_src/Minimal/blocktim.o
 .rodata.vCreateBlockTimeTasks.str1.4
                0x00000000       0x23 build//home/halip/projects/my_diplom/demo_src/Minimal/blocktim.o
 .text.vCreateBlockTimeTasks
                0x00000000       0x80 build//home/halip/projects/my_diplom/demo_src/Minimal/blocktim.o
 .text.xAreBlockTimeTestTasksStillRunning
                0x00000000       0x5a build//home/halip/projects/my_diplom/demo_src/Minimal/blocktim.o
 .sbss.xLastSecondaryCycleCount.0
                0x00000000        0x4 build//home/halip/projects/my_diplom/demo_src/Minimal/blocktim.o
 .sbss.xLastPrimaryCycleCount.1
                0x00000000        0x4 build//home/halip/projects/my_diplom/demo_src/Minimal/blocktim.o
 .sbss.xRunIndicator
                0x00000000        0x4 build//home/halip/projects/my_diplom/demo_src/Minimal/blocktim.o
 .sbss.xErrorOccurred
                0x00000000        0x4 build//home/halip/projects/my_diplom/demo_src/Minimal/blocktim.o
 .sbss.xSecondaryCycles
                0x00000000        0x4 build//home/halip/projects/my_diplom/demo_src/Minimal/blocktim.o
 .sbss.xPrimaryCycles
                0x00000000        0x4 build//home/halip/projects/my_diplom/demo_src/Minimal/blocktim.o
 .sbss.xSecondary
                0x00000000        0x4 build//home/halip/projects/my_diplom/demo_src/Minimal/blocktim.o
 .sbss.xTestQueue
                0x00000000        0x4 build//home/halip/projects/my_diplom/demo_src/Minimal/blocktim.o
 .comment       0x00000000       0x35 build//home/halip/projects/my_diplom/demo_src/Minimal/blocktim.o
 .riscv.attributes
                0x00000000       0x3d build//home/halip/projects/my_diplom/demo_src/Minimal/blocktim.o
 .text          0x00000000        0x0 build//home/halip/projects/my_diplom/demo_src/Minimal/dynamic.o
 .data          0x00000000        0x0 build//home/halip/projects/my_diplom/demo_src/Minimal/dynamic.o
 .bss           0x00000000        0x0 build//home/halip/projects/my_diplom/demo_src/Minimal/dynamic.o
 .text.vQueueReceiveWhenSuspendedTask
                0x00000000       0x80 build//home/halip/projects/my_diplom/demo_src/Minimal/dynamic.o
 .text.vQueueSendWhenSuspendedTask
                0x00000000       0x64 build//home/halip/projects/my_diplom/demo_src/Minimal/dynamic.o
 .text.vLimitedIncrementTask
                0x00000000       0x30 build//home/halip/projects/my_diplom/demo_src/Minimal/dynamic.o
 .text.vCounterControlTask
                0x00000000      0x14e build//home/halip/projects/my_diplom/demo_src/Minimal/dynamic.o
 .text.vContinuousIncrementTask
                0x00000000       0x82 build//home/halip/projects/my_diplom/demo_src/Minimal/dynamic.o
 .rodata.vStartDynamicPriorityTasks.str1.4
                0x00000000       0x40 build//home/halip/projects/my_diplom/demo_src/Minimal/dynamic.o
 .text.vStartDynamicPriorityTasks
                0x00000000       0xf8 build//home/halip/projects/my_diplom/demo_src/Minimal/dynamic.o
 .text.xAreDynamicPriorityTasksStillRunning
                0x00000000       0x6c build//home/halip/projects/my_diplom/demo_src/Minimal/dynamic.o
 .sbss.ulLastExpectedValue.0
                0x00000000        0x4 build//home/halip/projects/my_diplom/demo_src/Minimal/dynamic.o
 .sbss.usLastTaskCheck.1
                0x00000000        0x2 build//home/halip/projects/my_diplom/demo_src/Minimal/dynamic.o
 .sbss.ulValueToSend.2
                0x00000000        0x4 build//home/halip/projects/my_diplom/demo_src/Minimal/dynamic.o
 .sbss.ulExpectedValue
                0x00000000        0x4 build//home/halip/projects/my_diplom/demo_src/Minimal/dynamic.o
 .sbss.xSuspendedTestQueue
                0x00000000        0x4 build//home/halip/projects/my_diplom/demo_src/Minimal/dynamic.o
 .sbss.xSuspendedQueueReceiveError
                0x00000000        0x4 build//home/halip/projects/my_diplom/demo_src/Minimal/dynamic.o
 .sbss.xSuspendedQueueSendError
                0x00000000        0x4 build//home/halip/projects/my_diplom/demo_src/Minimal/dynamic.o
 .sbss.usCheckVariable
                0x00000000        0x2 build//home/halip/projects/my_diplom/demo_src/Minimal/dynamic.o
 .sbss.ulCounter
                0x00000000        0x4 build//home/halip/projects/my_diplom/demo_src/Minimal/dynamic.o
 .sbss.xLimitedIncrementHandle
                0x00000000        0x4 build//home/halip/projects/my_diplom/demo_src/Minimal/dynamic.o
 .sbss.xContinuousIncrementHandle
                0x00000000        0x4 build//home/halip/projects/my_diplom/demo_src/Minimal/dynamic.o
 .comment       0x00000000       0x35 build//home/halip/projects/my_diplom/demo_src/Minimal/dynamic.o
 .riscv.attributes
                0x00000000       0x41 build//home/halip/projects/my_diplom/demo_src/Minimal/dynamic.o
 .text          0x00000000        0x0 build//home/halip/projects/my_diplom/demo_src/Minimal/recmutex.o
 .data          0x00000000        0x0 build//home/halip/projects/my_diplom/demo_src/Minimal/recmutex.o
 .bss           0x00000000        0x0 build//home/halip/projects/my_diplom/demo_src/Minimal/recmutex.o
 .text.prvRecursiveMutexPollingTask
                0x00000000      0x152 build//home/halip/projects/my_diplom/demo_src/Minimal/recmutex.o
 .text.prvRecursiveMutexBlockingTask
                0x00000000       0xb8 build//home/halip/projects/my_diplom/demo_src/Minimal/recmutex.o
 .text.prvRecursiveMutexControllingTask
                0x00000000       0xd8 build//home/halip/projects/my_diplom/demo_src/Minimal/recmutex.o
 .rodata.vStartRecursiveMutexTasks.str1.4
                0x00000000       0x25 build//home/halip/projects/my_diplom/demo_src/Minimal/recmutex.o
 .text.vStartRecursiveMutexTasks
                0x00000000       0xa4 build//home/halip/projects/my_diplom/demo_src/Minimal/recmutex.o
 .text.xAreRecursiveMutexTasksStillRunning
                0x00000000       0xb4 build//home/halip/projects/my_diplom/demo_src/Minimal/recmutex.o
 .sbss.uxLastPollingCycles.0
                0x00000000        0x4 build//home/halip/projects/my_diplom/demo_src/Minimal/recmutex.o
 .sbss.uxLastBlockingCycles.1
                0x00000000        0x4 build//home/halip/projects/my_diplom/demo_src/Minimal/recmutex.o
 .sbss.uxLastControllingCycles.2
                0x00000000        0x4 build//home/halip/projects/my_diplom/demo_src/Minimal/recmutex.o
 .sbss.xBlockingTaskHandle
                0x00000000        0x4 build//home/halip/projects/my_diplom/demo_src/Minimal/recmutex.o
 .sbss.xControllingTaskHandle
                0x00000000        0x4 build//home/halip/projects/my_diplom/demo_src/Minimal/recmutex.o
 .sbss.uxPollingCycles
                0x00000000        0x4 build//home/halip/projects/my_diplom/demo_src/Minimal/recmutex.o
 .sbss.uxBlockingCycles
                0x00000000        0x4 build//home/halip/projects/my_diplom/demo_src/Minimal/recmutex.o
 .sbss.uxControllingCycles
                0x00000000        0x4 build//home/halip/projects/my_diplom/demo_src/Minimal/recmutex.o
 .sbss.xBlockingIsSuspended
                0x00000000        0x4 build//home/halip/projects/my_diplom/demo_src/Minimal/recmutex.o
 .sbss.xControllingIsSuspended
                0x00000000        0x4 build//home/halip/projects/my_diplom/demo_src/Minimal/recmutex.o
 .sbss.xErrorOccurred
                0x00000000        0x4 build//home/halip/projects/my_diplom/demo_src/Minimal/recmutex.o
 .sbss.xMutex   0x00000000        0x4 build//home/halip/projects/my_diplom/demo_src/Minimal/recmutex.o
 .comment       0x00000000       0x35 build//home/halip/projects/my_diplom/demo_src/Minimal/recmutex.o
 .riscv.attributes
                0x00000000       0x3d build//home/halip/projects/my_diplom/demo_src/Minimal/recmutex.o
 .text          0x00000000        0x0 build//home/halip/projects/my_diplom/src_FreeRtos/event_groups.o
 .data          0x00000000        0x0 build//home/halip/projects/my_diplom/src_FreeRtos/event_groups.o
 .bss           0x00000000        0x0 build//home/halip/projects/my_diplom/src_FreeRtos/event_groups.o
 .text.xEventGroupCreate
                0x00000000       0x2c build//home/halip/projects/my_diplom/src_FreeRtos/event_groups.o
 .text.xEventGroupWaitBits
                0x00000000      0x164 build//home/halip/projects/my_diplom/src_FreeRtos/event_groups.o
 .text.xEventGroupClearBits
                0x00000000       0x54 build//home/halip/projects/my_diplom/src_FreeRtos/event_groups.o
 .text.xEventGroupGetBitsFromISR
                0x00000000        0x4 build//home/halip/projects/my_diplom/src_FreeRtos/event_groups.o
 .text.xEventGroupSetBits
                0x00000000       0xd4 build//home/halip/projects/my_diplom/src_FreeRtos/event_groups.o
 .text.xEventGroupSync
                0x00000000      0x198 build//home/halip/projects/my_diplom/src_FreeRtos/event_groups.o
 .text.vEventGroupDelete
                0x00000000       0x72 build//home/halip/projects/my_diplom/src_FreeRtos/event_groups.o
 .text.vEventGroupSetBitsCallback
                0x00000000        0x8 build//home/halip/projects/my_diplom/src_FreeRtos/event_groups.o
 .text.vEventGroupClearBitsCallback
                0x00000000       0x54 build//home/halip/projects/my_diplom/src_FreeRtos/event_groups.o
 .comment       0x00000000       0x35 build//home/halip/projects/my_diplom/src_FreeRtos/event_groups.o
 .riscv.attributes
                0x00000000       0x41 build//home/halip/projects/my_diplom/src_FreeRtos/event_groups.o
 .text          0x00000000        0x0 build//home/halip/projects/my_diplom/src_FreeRtos/list.o
 .data          0x00000000        0x0 build//home/halip/projects/my_diplom/src_FreeRtos/list.o
 .bss           0x00000000        0x0 build//home/halip/projects/my_diplom/src_FreeRtos/list.o
 .text.vListInsertEnd
                0x00000000       0x16 build//home/halip/projects/my_diplom/src_FreeRtos/list.o
 .text          0x00000000        0x0 build//home/halip/projects/my_diplom/src_FreeRtos/queue.o
 .data          0x00000000        0x0 build//home/halip/projects/my_diplom/src_FreeRtos/queue.o
 .bss           0x00000000        0x0 build//home/halip/projects/my_diplom/src_FreeRtos/queue.o
 .text.xQueueGetMutexHolder
                0x00000000       0x36 build//home/halip/projects/my_diplom/src_FreeRtos/queue.o
 .text.xQueueGetMutexHolderFromISR
                0x00000000       0x24 build//home/halip/projects/my_diplom/src_FreeRtos/queue.o
 .text.xQueueCreateCountingSemaphore
                0x00000000       0x38 build//home/halip/projects/my_diplom/src_FreeRtos/queue.o
 .text.xQueueCreateMutex
                0x00000000       0x50 build//home/halip/projects/my_diplom/src_FreeRtos/queue.o
 .text.xQueueGiveMutexRecursive
                0x00000000       0x5c build//home/halip/projects/my_diplom/src_FreeRtos/queue.o
 .text.xQueueGenericSendFromISR
                0x00000000       0xd2 build//home/halip/projects/my_diplom/src_FreeRtos/queue.o
 .text.xQueueGiveFromISR
                0x00000000       0xb2 build//home/halip/projects/my_diplom/src_FreeRtos/queue.o
 .text.xQueueSemaphoreTake
                0x00000000      0x222 build//home/halip/projects/my_diplom/src_FreeRtos/queue.o
 .text.xQueueTakeMutexRecursive
                0x00000000       0x5e build//home/halip/projects/my_diplom/src_FreeRtos/queue.o
 .text.xQueuePeek
                0x00000000      0x1d4 build//home/halip/projects/my_diplom/src_FreeRtos/queue.o
 .text.xQueueReceiveFromISR
                0x00000000       0xe4 build//home/halip/projects/my_diplom/src_FreeRtos/queue.o
 .text.xQueuePeekFromISR
                0x00000000       0x86 build//home/halip/projects/my_diplom/src_FreeRtos/queue.o
 .text.uxQueueMessagesWaiting
                0x00000000       0x44 build//home/halip/projects/my_diplom/src_FreeRtos/queue.o
 .text.uxQueueSpacesAvailable
                0x00000000       0x4c build//home/halip/projects/my_diplom/src_FreeRtos/queue.o
 .text.uxQueueMessagesWaitingFromISR
                0x00000000       0x1e build//home/halip/projects/my_diplom/src_FreeRtos/queue.o
 .text.vQueueDelete
                0x00000000       0x88 build//home/halip/projects/my_diplom/src_FreeRtos/queue.o
 .text.xQueueIsQueueEmptyFromISR
                0x00000000       0x26 build//home/halip/projects/my_diplom/src_FreeRtos/queue.o
 .text.xQueueIsQueueFullFromISR
                0x00000000       0x2e build//home/halip/projects/my_diplom/src_FreeRtos/queue.o
 .text.pcQueueGetName
                0x00000000       0x66 build//home/halip/projects/my_diplom/src_FreeRtos/queue.o
 .text.vQueueUnregisterQueue
                0x00000000       0x6e build//home/halip/projects/my_diplom/src_FreeRtos/queue.o
 .text          0x00000000        0x0 build//home/halip/projects/my_diplom/src_FreeRtos/stream_buffer.o
 .data          0x00000000        0x0 build//home/halip/projects/my_diplom/src_FreeRtos/stream_buffer.o
 .bss           0x00000000        0x0 build//home/halip/projects/my_diplom/src_FreeRtos/stream_buffer.o
 .text.prvWriteBytesToBuffer
                0x00000000       0xa6 build//home/halip/projects/my_diplom/src_FreeRtos/stream_buffer.o
 .text.prvWriteMessageToBuffer
                0x00000000       0x76 build//home/halip/projects/my_diplom/src_FreeRtos/stream_buffer.o
 .text.prvReadBytesFromBuffer
                0x00000000       0xb2 build//home/halip/projects/my_diplom/src_FreeRtos/stream_buffer.o
 .text.prvReadMessageFromBuffer
                0x00000000       0x7c build//home/halip/projects/my_diplom/src_FreeRtos/stream_buffer.o
 .text.xStreamBufferGenericCreate
                0x00000000       0xe0 build//home/halip/projects/my_diplom/src_FreeRtos/stream_buffer.o
 .text.vStreamBufferDelete
                0x00000000       0x56 build//home/halip/projects/my_diplom/src_FreeRtos/stream_buffer.o
 .text.xStreamBufferReset
                0x00000000       0xaa build//home/halip/projects/my_diplom/src_FreeRtos/stream_buffer.o
 .text.xStreamBufferSetTriggerLevel
                0x00000000       0x30 build//home/halip/projects/my_diplom/src_FreeRtos/stream_buffer.o
 .text.xStreamBufferSpacesAvailable
                0x00000000       0x54 build//home/halip/projects/my_diplom/src_FreeRtos/stream_buffer.o
 .text.xStreamBufferBytesAvailable
                0x00000000       0x40 build//home/halip/projects/my_diplom/src_FreeRtos/stream_buffer.o
 .text.xStreamBufferSend
                0x00000000      0x1a2 build//home/halip/projects/my_diplom/src_FreeRtos/stream_buffer.o
 .text.xStreamBufferSendFromISR
                0x00000000       0xb4 build//home/halip/projects/my_diplom/src_FreeRtos/stream_buffer.o
 .text.xStreamBufferReceive
                0x00000000      0x126 build//home/halip/projects/my_diplom/src_FreeRtos/stream_buffer.o
 .text.xStreamBufferNextMessageLengthBytes
                0x00000000       0x5c build//home/halip/projects/my_diplom/src_FreeRtos/stream_buffer.o
 .text.xStreamBufferReceiveFromISR
                0x00000000       0x8e build//home/halip/projects/my_diplom/src_FreeRtos/stream_buffer.o
 .text.xStreamBufferIsEmpty
                0x00000000       0x2e build//home/halip/projects/my_diplom/src_FreeRtos/stream_buffer.o
 .text.xStreamBufferIsFull
                0x00000000       0x46 build//home/halip/projects/my_diplom/src_FreeRtos/stream_buffer.o
 .text.xStreamBufferSendCompletedFromISR
                0x00000000       0x40 build//home/halip/projects/my_diplom/src_FreeRtos/stream_buffer.o
 .text.xStreamBufferReceiveCompletedFromISR
                0x00000000       0x40 build//home/halip/projects/my_diplom/src_FreeRtos/stream_buffer.o
 .comment       0x00000000       0x35 build//home/halip/projects/my_diplom/src_FreeRtos/stream_buffer.o
 .riscv.attributes
                0x00000000       0x41 build//home/halip/projects/my_diplom/src_FreeRtos/stream_buffer.o
 .text          0x00000000        0x0 build//home/halip/projects/my_diplom/src_FreeRtos/tasks.o
 .data          0x00000000        0x0 build//home/halip/projects/my_diplom/src_FreeRtos/tasks.o
 .bss           0x00000000        0x0 build//home/halip/projects/my_diplom/src_FreeRtos/tasks.o
 .text.prvSearchForNameWithinSingleList
                0x00000000       0x62 build//home/halip/projects/my_diplom/src_FreeRtos/tasks.o
 .text.vTaskDelete
                0x00000000      0x164 build//home/halip/projects/my_diplom/src_FreeRtos/tasks.o
 .text.eTaskGetState
                0x00000000       0xa0 build//home/halip/projects/my_diplom/src_FreeRtos/tasks.o
 .text.uxTaskPriorityGet
                0x00000000       0x22 build//home/halip/projects/my_diplom/src_FreeRtos/tasks.o
 .text.uxTaskPriorityGetFromISR
                0x00000000       0x12 build//home/halip/projects/my_diplom/src_FreeRtos/tasks.o
 .text.vTaskPrioritySet
                0x00000000      0x150 build//home/halip/projects/my_diplom/src_FreeRtos/tasks.o
 .text.vTaskResume
                0x00000000       0xf6 build//home/halip/projects/my_diplom/src_FreeRtos/tasks.o
 .text.xTaskResumeFromISR
                0x00000000       0xe8 build//home/halip/projects/my_diplom/src_FreeRtos/tasks.o
 .text.vTaskEndScheduler
                0x00000000       0x14 build//home/halip/projects/my_diplom/src_FreeRtos/tasks.o
 .text.vTaskDelay
                0x00000000       0x4e build//home/halip/projects/my_diplom/src_FreeRtos/tasks.o
 .text.xTaskGetTickCountFromISR
                0x00000000        0xa build//home/halip/projects/my_diplom/src_FreeRtos/tasks.o
 .text.uxTaskGetNumberOfTasks
                0x00000000        0xa build//home/halip/projects/my_diplom/src_FreeRtos/tasks.o
 .text.pcTaskGetName
                0x00000000       0x2c build//home/halip/projects/my_diplom/src_FreeRtos/tasks.o
 .text.xTaskGetHandle
                0x00000000       0xd0 build//home/halip/projects/my_diplom/src_FreeRtos/tasks.o
 .text.xTaskCatchUpTicks
                0x00000000       0x58 build//home/halip/projects/my_diplom/src_FreeRtos/tasks.o
 .text.xTaskAbortDelay
                0x00000000       0xf0 build//home/halip/projects/my_diplom/src_FreeRtos/tasks.o
 .text.vTaskSuspend
                0x00000000      0x16c build//home/halip/projects/my_diplom/src_FreeRtos/tasks.o
 .text.vTaskPlaceOnUnorderedEventList
                0x00000000       0x84 build//home/halip/projects/my_diplom/src_FreeRtos/tasks.o
 .text.vTaskRemoveFromUnorderedEventList
                0x00000000       0xf6 build//home/halip/projects/my_diplom/src_FreeRtos/tasks.o
 .text.vTaskSetTimeOutState
                0x00000000       0x44 build//home/halip/projects/my_diplom/src_FreeRtos/tasks.o
 .text.xTaskGetCurrentTaskHandle
                0x00000000        0xa build//home/halip/projects/my_diplom/src_FreeRtos/tasks.o
 .text.xTaskPriorityInherit
                0x00000000       0xda build//home/halip/projects/my_diplom/src_FreeRtos/tasks.o
 .text.vTaskPriorityDisinheritAfterTimeout
                0x00000000       0xf2 build//home/halip/projects/my_diplom/src_FreeRtos/tasks.o
 .text.uxTaskResetEventItemValue
                0x00000000       0x1a build//home/halip/projects/my_diplom/src_FreeRtos/tasks.o
 .text.pvTaskIncrementMutexHeldCount
                0x00000000       0x18 build//home/halip/projects/my_diplom/src_FreeRtos/tasks.o
 .text.ulTaskGenericNotifyTake
                0x00000000       0xd4 build//home/halip/projects/my_diplom/src_FreeRtos/tasks.o
 .text.xTaskGenericNotifyWait
                0x00000000      0x102 build//home/halip/projects/my_diplom/src_FreeRtos/tasks.o
 .text.xTaskGenericNotify
                0x00000000      0x18a build//home/halip/projects/my_diplom/src_FreeRtos/tasks.o
 .rodata.xTaskGenericNotify
                0x00000000       0x14 build//home/halip/projects/my_diplom/src_FreeRtos/tasks.o
 .text.xTaskGenericNotifyFromISR
                0x00000000      0x1b0 build//home/halip/projects/my_diplom/src_FreeRtos/tasks.o
 .rodata.xTaskGenericNotifyFromISR
                0x00000000       0x14 build//home/halip/projects/my_diplom/src_FreeRtos/tasks.o
 .text.vTaskGenericNotifyGiveFromISR
                0x00000000      0x11a build//home/halip/projects/my_diplom/src_FreeRtos/tasks.o
 .text.xTaskGenericNotifyStateClear
                0x00000000       0x56 build//home/halip/projects/my_diplom/src_FreeRtos/tasks.o
 .text.ulTaskGenericNotifyValueClear
                0x00000000       0x32 build//home/halip/projects/my_diplom/src_FreeRtos/tasks.o
 .text          0x00000000        0x0 build//home/halip/projects/my_diplom/src_FreeRtos/timers.o
 .data          0x00000000        0x0 build//home/halip/projects/my_diplom/src_FreeRtos/timers.o
 .bss           0x00000000        0x0 build//home/halip/projects/my_diplom/src_FreeRtos/timers.o
 .text.xTimerCreate
                0x00000000       0x80 build//home/halip/projects/my_diplom/src_FreeRtos/timers.o
 .text.xTimerGenericCommand
                0x00000000       0xae build//home/halip/projects/my_diplom/src_FreeRtos/timers.o
 .text.xTimerGetTimerDaemonTaskHandle
                0x00000000       0x2c build//home/halip/projects/my_diplom/src_FreeRtos/timers.o
 .text.xTimerGetPeriod
                0x00000000       0x1e build//home/halip/projects/my_diplom/src_FreeRtos/timers.o
 .text.vTimerSetReloadMode
                0x00000000       0x70 build//home/halip/projects/my_diplom/src_FreeRtos/timers.o
 .text.xTimerGetReloadMode
                0x00000000       0x50 build//home/halip/projects/my_diplom/src_FreeRtos/timers.o
 .text.uxTimerGetReloadMode
                0x00000000       0x50 build//home/halip/projects/my_diplom/src_FreeRtos/timers.o
 .text.xTimerGetExpiryTime
                0x00000000       0x1e build//home/halip/projects/my_diplom/src_FreeRtos/timers.o
 .text.pcTimerGetName
                0x00000000       0x1e build//home/halip/projects/my_diplom/src_FreeRtos/timers.o
 .text.xTimerIsTimerActive
                0x00000000       0x4c build//home/halip/projects/my_diplom/src_FreeRtos/timers.o
 .text.pvTimerGetTimerID
                0x00000000       0x44 build//home/halip/projects/my_diplom/src_FreeRtos/timers.o
 .text.vTimerSetTimerID
                0x00000000       0x48 build//home/halip/projects/my_diplom/src_FreeRtos/timers.o
 .text.xTimerPendFunctionCallFromISR
                0x00000000       0x32 build//home/halip/projects/my_diplom/src_FreeRtos/timers.o
 .text.xTimerPendFunctionCall
                0x00000000       0x5a build//home/halip/projects/my_diplom/src_FreeRtos/timers.o
 .text          0x00000000        0x0 build//home/halip/projects/my_diplom/src_FreeRtos/portable/MemMang/heap_4.o
 .data          0x00000000        0x0 build//home/halip/projects/my_diplom/src_FreeRtos/portable/MemMang/heap_4.o
 .bss           0x00000000        0x0 build//home/halip/projects/my_diplom/src_FreeRtos/portable/MemMang/heap_4.o
 .text.xPortGetFreeHeapSize
                0x00000000        0xa build//home/halip/projects/my_diplom/src_FreeRtos/portable/MemMang/heap_4.o
 .text.xPortGetMinimumEverFreeHeapSize
                0x00000000        0xa build//home/halip/projects/my_diplom/src_FreeRtos/portable/MemMang/heap_4.o
 .text.vPortInitialiseBlocks
                0x00000000        0x2 build//home/halip/projects/my_diplom/src_FreeRtos/portable/MemMang/heap_4.o
 .text.pvPortCalloc
                0x00000000       0x48 build//home/halip/projects/my_diplom/src_FreeRtos/portable/MemMang/heap_4.o
 .text.vPortGetHeapStats
                0x00000000       0xb8 build//home/halip/projects/my_diplom/src_FreeRtos/portable/MemMang/heap_4.o
 .text          0x00000000        0x0 build//home/halip/projects/my_diplom/src_FreeRtos/portable/GCC/RISC-V/port.o
 .data          0x00000000        0x0 build//home/halip/projects/my_diplom/src_FreeRtos/portable/GCC/RISC-V/port.o
 .bss           0x00000000        0x0 build//home/halip/projects/my_diplom/src_FreeRtos/portable/GCC/RISC-V/port.o
 .text.vPortEndScheduler
                0x00000000        0x2 build//home/halip/projects/my_diplom/src_FreeRtos/portable/GCC/RISC-V/port.o
 .srodata.ullMachineTimerCompareRegisterBase
                0x00000000        0x4 build//home/halip/projects/my_diplom/src_FreeRtos/portable/GCC/RISC-V/port.o
 .text          0x00000000        0x0 build/start.o
 .data          0x00000000        0x0 build/start.o
 .bss           0x00000000        0x0 build/start.o
 .eh_frame      0x00000000       0x2c build/start.o
 .text          0x00000000       0x80 build/vector.o
 .data          0x00000000        0x0 build/vector.o
 .bss           0x00000000        0x0 build/vector.o
 .riscv.attributes
                0x00000000       0x36 build/vector.o
 .data          0x00000000        0x0 build//home/halip/projects/my_diplom/src_FreeRtos/portable/GCC/RISC-V/portASM.o
 .bss           0x00000000        0x0 build//home/halip/projects/my_diplom/src_FreeRtos/portable/GCC/RISC-V/portASM.o
 .text.freertos_risc_v_exception_handler
                0x00000000      0x14e build//home/halip/projects/my_diplom/src_FreeRtos/portable/GCC/RISC-V/portASM.o
 .text.freertos_risc_v_interrupt_handler
                0x00000000       0xd8 build//home/halip/projects/my_diplom/src_FreeRtos/portable/GCC/RISC-V/portASM.o
 .text.freertos_risc_v_mtimer_interrupt_handler
                0x00000000      0x118 build//home/halip/projects/my_diplom/src_FreeRtos/portable/GCC/RISC-V/portASM.o
 .data          0x00000000        0x0 /home/halip/x-tools/riscv64-unknown-elf/lib/gcc/riscv64-unknown-elf/12.2.0/libgcc.a(_clzsi2.o)
 .bss           0x00000000        0x0 /home/halip/x-tools/riscv64-unknown-elf/lib/gcc/riscv64-unknown-elf/12.2.0/libgcc.a(_clzsi2.o)
 .text          0x00000000        0x0 /home/halip/x-tools/riscv64-unknown-elf/lib/gcc/riscv64-unknown-elf/12.2.0/libgcc.a(_clz.o)
 .data          0x00000000        0x0 /home/halip/x-tools/riscv64-unknown-elf/lib/gcc/riscv64-unknown-elf/12.2.0/libgcc.a(_clz.o)
 .bss           0x00000000        0x0 /home/halip/x-tools/riscv64-unknown-elf/lib/gcc/riscv64-unknown-elf/12.2.0/libgcc.a(_clz.o)
 .data          0x00000000        0x0 /home/halip/x-tools/riscv64-unknown-elf/lib/gcc/riscv64-unknown-elf/12.2.0/../../../../riscv64-unknown-elf/lib/libc.a(lib_a-memcpy-asm.o)
 .bss           0x00000000        0x0 /home/halip/x-tools/riscv64-unknown-elf/lib/gcc/riscv64-unknown-elf/12.2.0/../../../../riscv64-unknown-elf/lib/libc.a(lib_a-memcpy-asm.o)
 .data          0x00000000        0x0 /home/halip/x-tools/riscv64-unknown-elf/lib/gcc/riscv64-unknown-elf/12.2.0/../../../../riscv64-unknown-elf/lib/libc.a(lib_a-memset.o)
 .bss           0x00000000        0x0 /home/halip/x-tools/riscv64-unknown-elf/lib/gcc/riscv64-unknown-elf/12.2.0/../../../../riscv64-unknown-elf/lib/libc.a(lib_a-memset.o)
 .text          0x00000000       0x20 /home/halip/x-tools/riscv64-unknown-elf/lib/gcc/riscv64-unknown-elf/12.2.0/../../../../riscv64-unknown-elf/lib/libc.a(lib_a-strcmp.o)
 .data          0x00000000        0x0 /home/halip/x-tools/riscv64-unknown-elf/lib/gcc/riscv64-unknown-elf/12.2.0/../../../../riscv64-unknown-elf/lib/libc.a(lib_a-strcmp.o)
 .bss           0x00000000        0x0 /home/halip/x-tools/riscv64-unknown-elf/lib/gcc/riscv64-unknown-elf/12.2.0/../../../../riscv64-unknown-elf/lib/libc.a(lib_a-strcmp.o)
 .debug_line    0x00000000       0x74 /home/halip/x-tools/riscv64-unknown-elf/lib/gcc/riscv64-unknown-elf/12.2.0/../../../../riscv64-unknown-elf/lib/libc.a(lib_a-strcmp.o)
 .debug_line_str
                0x00000000       0xe7 /home/halip/x-tools/riscv64-unknown-elf/lib/gcc/riscv64-unknown-elf/12.2.0/../../../../riscv64-unknown-elf/lib/libc.a(lib_a-strcmp.o)
 .debug_info    0x00000000       0x31 /home/halip/x-tools/riscv64-unknown-elf/lib/gcc/riscv64-unknown-elf/12.2.0/../../../../riscv64-unknown-elf/lib/libc.a(lib_a-strcmp.o)
 .debug_abbrev  0x00000000       0x28 /home/halip/x-tools/riscv64-unknown-elf/lib/gcc/riscv64-unknown-elf/12.2.0/../../../../riscv64-unknown-elf/lib/libc.a(lib_a-strcmp.o)
 .debug_aranges
                0x00000000       0x20 /home/halip/x-tools/riscv64-unknown-elf/lib/gcc/riscv64-unknown-elf/12.2.0/../../../../riscv64-unknown-elf/lib/libc.a(lib_a-strcmp.o)
 .debug_str     0x00000000       0xfa /home/halip/x-tools/riscv64-unknown-elf/lib/gcc/riscv64-unknown-elf/12.2.0/../../../../riscv64-unknown-elf/lib/libc.a(lib_a-strcmp.o)
 .riscv.attributes
                0x00000000       0x36 /home/halip/x-tools/riscv64-unknown-elf/lib/gcc/riscv64-unknown-elf/12.2.0/../../../../riscv64-unknown-elf/lib/libc.a(lib_a-strcmp.o)
 .text          0x00000000       0x1c /home/halip/x-tools/riscv64-unknown-elf/lib/gcc/riscv64-unknown-elf/12.2.0/../../../../riscv64-unknown-elf/lib/libc.a(lib_a-strlen.o)
 .data          0x00000000        0x0 /home/halip/x-tools/riscv64-unknown-elf/lib/gcc/riscv64-unknown-elf/12.2.0/../../../../riscv64-unknown-elf/lib/libc.a(lib_a-strlen.o)
 .bss           0x00000000        0x0 /home/halip/x-tools/riscv64-unknown-elf/lib/gcc/riscv64-unknown-elf/12.2.0/../../../../riscv64-unknown-elf/lib/libc.a(lib_a-strlen.o)
 .debug_info    0x00000000       0xc9 /home/halip/x-tools/riscv64-unknown-elf/lib/gcc/riscv64-unknown-elf/12.2.0/../../../../riscv64-unknown-elf/lib/libc.a(lib_a-strlen.o)
 .debug_abbrev  0x00000000       0x86 /home/halip/x-tools/riscv64-unknown-elf/lib/gcc/riscv64-unknown-elf/12.2.0/../../../../riscv64-unknown-elf/lib/libc.a(lib_a-strlen.o)
 .debug_loclists
                0x00000000       0x3d /home/halip/x-tools/riscv64-unknown-elf/lib/gcc/riscv64-unknown-elf/12.2.0/../../../../riscv64-unknown-elf/lib/libc.a(lib_a-strlen.o)
 .debug_aranges
                0x00000000       0x20 /home/halip/x-tools/riscv64-unknown-elf/lib/gcc/riscv64-unknown-elf/12.2.0/../../../../riscv64-unknown-elf/lib/libc.a(lib_a-strlen.o)
 .debug_line    0x00000000       0xb5 /home/halip/x-tools/riscv64-unknown-elf/lib/gcc/riscv64-unknown-elf/12.2.0/../../../../riscv64-unknown-elf/lib/libc.a(lib_a-strlen.o)
 .debug_str     0x00000000      0x105 /home/halip/x-tools/riscv64-unknown-elf/lib/gcc/riscv64-unknown-elf/12.2.0/../../../../riscv64-unknown-elf/lib/libc.a(lib_a-strlen.o)
 .debug_line_str
                0x00000000      0x2aa /home/halip/x-tools/riscv64-unknown-elf/lib/gcc/riscv64-unknown-elf/12.2.0/../../../../riscv64-unknown-elf/lib/libc.a(lib_a-strlen.o)
 .comment       0x00000000       0x35 /home/halip/x-tools/riscv64-unknown-elf/lib/gcc/riscv64-unknown-elf/12.2.0/../../../../riscv64-unknown-elf/lib/libc.a(lib_a-strlen.o)
 .debug_frame   0x00000000       0x20 /home/halip/x-tools/riscv64-unknown-elf/lib/gcc/riscv64-unknown-elf/12.2.0/../../../../riscv64-unknown-elf/lib/libc.a(lib_a-strlen.o)
 .riscv.attributes
                0x00000000       0x38 /home/halip/x-tools/riscv64-unknown-elf/lib/gcc/riscv64-unknown-elf/12.2.0/../../../../riscv64-unknown-elf/lib/libc.a(lib_a-strlen.o)

Memory Configuration

Name             Origin             Length             Attributes
rom              0x80000000         0x00080000         axr
ram              0x80080000         0x00080000         axw
*default*        0x00000000         0xffffffff

Linker script and memory map

                0x0000012c                        __stack_size = 0x12c
LOAD build/main.o
LOAD build/main_blinky.o
LOAD build/riscv-virt.o
LOAD build/ns16550.o
LOAD build/spi.o
LOAD build//home/halip/projects/my_diplom/demo_src/Minimal/EventGroupsDemo.o
LOAD build//home/halip/projects/my_diplom/demo_src/Minimal/TaskNotify.o
LOAD build//home/halip/projects/my_diplom/demo_src/Minimal/TimerDemo.o
LOAD build//home/halip/projects/my_diplom/demo_src/Minimal/blocktim.o
LOAD build//home/halip/projects/my_diplom/demo_src/Minimal/dynamic.o
LOAD build//home/halip/projects/my_diplom/demo_src/Minimal/recmutex.o
LOAD build//home/halip/projects/my_diplom/src_FreeRtos/event_groups.o
LOAD build//home/halip/projects/my_diplom/src_FreeRtos/list.o
LOAD build//home/halip/projects/my_diplom/src_FreeRtos/queue.o
LOAD build//home/halip/projects/my_diplom/src_FreeRtos/stream_buffer.o
LOAD build//home/halip/projects/my_diplom/src_FreeRtos/tasks.o
LOAD build//home/halip/projects/my_diplom/src_FreeRtos/timers.o
LOAD build//home/halip/projects/my_diplom/src_FreeRtos/portable/MemMang/heap_4.o
LOAD build//home/halip/projects/my_diplom/src_FreeRtos/portable/GCC/RISC-V/port.o
LOAD build/start.o
LOAD build/vector.o
LOAD build//home/halip/projects/my_diplom/src_FreeRtos/portable/GCC/RISC-V/portASM.o
LOAD /home/halip/x-tools/riscv64-unknown-elf/lib/gcc/riscv64-unknown-elf/12.2.0/libgcc.a
START GROUP
LOAD /home/halip/x-tools/riscv64-unknown-elf/lib/gcc/riscv64-unknown-elf/12.2.0/../../../../riscv64-unknown-elf/lib/libc.a
LOAD /home/halip/x-tools/riscv64-unknown-elf/lib/gcc/riscv64-unknown-elf/12.2.0/../../../../riscv64-unknown-elf/lib/libgloss.a
END GROUP
LOAD /home/halip/x-tools/riscv64-unknown-elf/lib/gcc/riscv64-unknown-elf/12.2.0/libgcc.a

.init           0x80000000       0x76
                0x80000000                        _text = .
 *(SORT_NONE(.init))
 .init          0x80000000       0x76 build/start.o
                0x80000000                _start

.text           0x80000100     0x1e64
 *(.text.unlikely .text.unlikely.*)
 *(.text.startup .text.startup.*)
 .text.startup.main
                0x80000100        0xe build/main.o
                0x80000100                main
 *(.text .text.*)
 .text.vApplicationMallocFailedHook
                0x8000010e        0x6 build/main.o
                0x8000010e                vApplicationMallocFailedHook
 .text.vApplicationStackOverflowHook
                0x80000114        0x6 build/main.o
                0x80000114                vApplicationStackOverflowHook
 .text.vApplicationTickHook
                0x8000011a        0x2 build/main.o
                0x8000011a                vApplicationTickHook
 .text.vAssertCalled
                0x8000011c       0x36 build/main.o
                0x8000011c                vAssertCalled
 .text.prvQueueSendTask
                0x80000152       0x46 build/main_blinky.o
 .text.main_blinky
                0x80000198       0x4a build/main_blinky.o
                0x80000198                main_blinky
 .text.vSendString
                0x800001e2       0x24 build/riscv-virt.o
                0x800001e2                vSendString
 .text.spi_tx   0x80000206        0xe build/spi.o
                0x80000206                spi_tx
 .text.vListInitialise
                0x80000214       0x14 build//home/halip/projects/my_diplom/src_FreeRtos/list.o
                0x80000214                vListInitialise
 .text.vListInitialiseItem
                0x80000228        0x6 build//home/halip/projects/my_diplom/src_FreeRtos/list.o
                0x80000228                vListInitialiseItem
 .text.vListInsert
                0x8000022e       0x2e build//home/halip/projects/my_diplom/src_FreeRtos/list.o
                0x8000022e                vListInsert
 .text.uxListRemove
                0x8000025c       0x2e build//home/halip/projects/my_diplom/src_FreeRtos/list.o
                0x8000025c                uxListRemove
 .text.prvCopyDataToQueue
                0x8000028a       0x96 build//home/halip/projects/my_diplom/src_FreeRtos/queue.o
 .text.prvUnlockQueue
                0x80000320       0xf4 build//home/halip/projects/my_diplom/src_FreeRtos/queue.o
 .text.xQueueGenericReset
                0x80000414       0xa0 build//home/halip/projects/my_diplom/src_FreeRtos/queue.o
                0x80000414                xQueueGenericReset
 .text.xQueueGenericCreate
                0x800004b4       0x7c build//home/halip/projects/my_diplom/src_FreeRtos/queue.o
                0x800004b4                xQueueGenericCreate
 .text.xQueueGenericSend
                0x80000530      0x180 build//home/halip/projects/my_diplom/src_FreeRtos/queue.o
                0x80000530                xQueueGenericSend
 .text.xQueueReceive
                0x800006b0      0x19a build//home/halip/projects/my_diplom/src_FreeRtos/queue.o
                0x800006b0                xQueueReceive
 .text.vQueueAddToRegistry
                0x8000084a       0x5c build//home/halip/projects/my_diplom/src_FreeRtos/queue.o
                0x8000084a                vQueueAddToRegistry
 .text.vQueueWaitForMessageRestricted
                0x800008a6       0x60 build//home/halip/projects/my_diplom/src_FreeRtos/queue.o
                0x800008a6                vQueueWaitForMessageRestricted
 .text.prvAddCurrentTaskToDelayedList
                0x80000906       0xec build//home/halip/projects/my_diplom/src_FreeRtos/tasks.o
 .text.prvIdleTask
                0x800009f2       0x7c build//home/halip/projects/my_diplom/src_FreeRtos/tasks.o
 .text.xTaskIncrementTick.part.0
                0x80000a6e      0x1ba build//home/halip/projects/my_diplom/src_FreeRtos/tasks.o
 .text.xTaskCreate
                0x80000c28      0x252 build//home/halip/projects/my_diplom/src_FreeRtos/tasks.o
                0x80000c28                xTaskCreate
 .text.vTaskStartScheduler
                0x80000e7a       0x84 build//home/halip/projects/my_diplom/src_FreeRtos/tasks.o
                0x80000e7a                vTaskStartScheduler
 .text.vTaskSuspendAll
                0x80000efe       0x10 build//home/halip/projects/my_diplom/src_FreeRtos/tasks.o
                0x80000efe                vTaskSuspendAll
 .text.xTaskResumeAll
                0x80000f0e      0x1b8 build//home/halip/projects/my_diplom/src_FreeRtos/tasks.o
                0x80000f0e                xTaskResumeAll
 .text.xTaskDelayUntil
                0x800010c6       0x88 build//home/halip/projects/my_diplom/src_FreeRtos/tasks.o
                0x800010c6                xTaskDelayUntil
 .text.xTaskGetTickCount
                0x8000114e        0xa build//home/halip/projects/my_diplom/src_FreeRtos/tasks.o
                0x8000114e                xTaskGetTickCount
 .text.xTaskIncrementTick
                0x80001158       0x2c build//home/halip/projects/my_diplom/src_FreeRtos/tasks.o
                0x80001158                xTaskIncrementTick
 .text.vTaskSwitchContext
                0x80001184       0xcc build//home/halip/projects/my_diplom/src_FreeRtos/tasks.o
                0x80001184                vTaskSwitchContext
 .text.vTaskPlaceOnEventList
                0x80001250       0x30 build//home/halip/projects/my_diplom/src_FreeRtos/tasks.o
                0x80001250                vTaskPlaceOnEventList
 .text.vTaskPlaceOnEventListRestricted
                0x80001280       0x64 build//home/halip/projects/my_diplom/src_FreeRtos/tasks.o
                0x80001280                vTaskPlaceOnEventListRestricted
 .text.xTaskRemoveFromEventList
                0x800012e4       0xe2 build//home/halip/projects/my_diplom/src_FreeRtos/tasks.o
                0x800012e4                xTaskRemoveFromEventList
 .text.vTaskInternalSetTimeOutState
                0x800013c6       0x16 build//home/halip/projects/my_diplom/src_FreeRtos/tasks.o
                0x800013c6                vTaskInternalSetTimeOutState
 .text.xTaskCheckForTimeOut
                0x800013dc       0xa6 build//home/halip/projects/my_diplom/src_FreeRtos/tasks.o
                0x800013dc                xTaskCheckForTimeOut
 .text.vTaskMissedYield
                0x80001482        0xc build//home/halip/projects/my_diplom/src_FreeRtos/tasks.o
                0x80001482                vTaskMissedYield
 .text.xTaskGetSchedulerState
                0x8000148e       0x1c build//home/halip/projects/my_diplom/src_FreeRtos/tasks.o
                0x8000148e                xTaskGetSchedulerState
 .text.xTaskPriorityDisinherit
                0x800014aa       0xc4 build//home/halip/projects/my_diplom/src_FreeRtos/tasks.o
                0x800014aa                xTaskPriorityDisinherit
 .text.prvCheckForValidListAndQueue
                0x8000156e       0x7e build//home/halip/projects/my_diplom/src_FreeRtos/timers.o
 .text.prvProcessExpiredTimer
                0x800015ec       0x94 build//home/halip/projects/my_diplom/src_FreeRtos/timers.o
 .text.prvTimerTask
                0x80001680      0x242 build//home/halip/projects/my_diplom/src_FreeRtos/timers.o
 .text.xTimerCreateTimerTask
                0x800018c2       0x42 build//home/halip/projects/my_diplom/src_FreeRtos/timers.o
                0x800018c2                xTimerCreateTimerTask
 .text.prvInsertBlockIntoFreeList
                0x80001904       0x56 build//home/halip/projects/my_diplom/src_FreeRtos/portable/MemMang/heap_4.o
 .text.pvPortMalloc
                0x8000195a      0x166 build//home/halip/projects/my_diplom/src_FreeRtos/portable/MemMang/heap_4.o
                0x8000195a                pvPortMalloc
 .text.vPortFree
                0x80001ac0       0x84 build//home/halip/projects/my_diplom/src_FreeRtos/portable/MemMang/heap_4.o
                0x80001ac0                vPortFree
 .text.vPortSetupTimerInterrupt
                0x80001b44       0x5e build//home/halip/projects/my_diplom/src_FreeRtos/portable/GCC/RISC-V/port.o
                0x80001b44                vPortSetupTimerInterrupt
 .text.xPortStartScheduler
                0x80001ba2       0x2a build//home/halip/projects/my_diplom/src_FreeRtos/portable/GCC/RISC-V/port.o
                0x80001ba2                xPortStartScheduler
 .text          0x80001bcc       0xc2 build//home/halip/projects/my_diplom/src_FreeRtos/portable/GCC/RISC-V/portASM.o
                0x80001bcc                pxPortInitialiseStack
                0x80001c14                xPortStartFirstTask
                0x80001c72                freertos_risc_v_application_exception_handler
                0x80001c80                freertos_risc_v_application_interrupt_handler
 *fill*         0x80001c8e       0x72 
 .text.freertos_risc_v_trap_handler
                0x80001d00      0x1d6 build//home/halip/projects/my_diplom/src_FreeRtos/portable/GCC/RISC-V/portASM.o
                0x80001d00                freertos_risc_v_trap_handler
 *fill*         0x80001ed6        0x2 
 .text          0x80001ed8       0x4c /home/halip/x-tools/riscv64-unknown-elf/lib/gcc/riscv64-unknown-elf/12.2.0/libgcc.a(_clzsi2.o)
                0x80001ed8                __clzsi2
 .text          0x80001f24       0x24 /home/halip/x-tools/riscv64-unknown-elf/lib/gcc/riscv64-unknown-elf/12.2.0/../../../../riscv64-unknown-elf/lib/libc.a(lib_a-memcpy-asm.o)
                0x80001f24                memcpy
 .text          0x80001f48       0x1c /home/halip/x-tools/riscv64-unknown-elf/lib/gcc/riscv64-unknown-elf/12.2.0/../../../../riscv64-unknown-elf/lib/libc.a(lib_a-memset.o)
                0x80001f48                memset
 *(.gnu.linkonce.t.*)

.fini           0x80001f64        0x0
 *(SORT_NONE(.fini))
                0x80001f64                        _etext = .

.rodata.align   0x80001f64        0x0
                0x80001f64                        . = ALIGN (0x4)
                0x80001f64                        _rodata = .

.rodata.start   0x80001f64        0x0
                0x80001f64                        _rodata_lma = LOADADDR (.rodata.start)

.rodata         0x80001f64      0x15c
 *(.rdata)
 *(.rodata .rodata.*)
 .rodata.vAssertCalled.str1.4
                0x80001f64       0x10 build/main.o
 .rodata.prvQueueSendTask.str1.4
                0x80001f74        0x5 build/main_blinky.o
 *fill*         0x80001f79        0x3 
 .rodata.main_blinky.str1.4
                0x80001f7c        0x3 build/main_blinky.o
                                 0x13 (size before relaxing)
 *fill*         0x80001f7f        0x1 
 .rodata.vTaskStartScheduler.str1.4
                0x80001f80        0x5 build//home/halip/projects/my_diplom/src_FreeRtos/tasks.o
 *fill*         0x80001f85        0x3 
 .rodata.prvCheckForValidListAndQueue.str1.4
                0x80001f88        0x5 build//home/halip/projects/my_diplom/src_FreeRtos/timers.o
 *fill*         0x80001f8d        0x3 
 .rodata.prvTimerTask
                0x80001f90       0x28 build//home/halip/projects/my_diplom/src_FreeRtos/timers.o
 .rodata.xTimerCreateTimerTask.str1.4
                0x80001fb8        0x8 build//home/halip/projects/my_diplom/src_FreeRtos/timers.o
 .rodata        0x80001fc0      0x100 /home/halip/x-tools/riscv64-unknown-elf/lib/gcc/riscv64-unknown-elf/12.2.0/libgcc.a(_clz.o)
                0x80001fc0                __clz_tab
 *(.gnu.linkonce.r.*)
                0x800020c0                        . = ALIGN (0x4)
                0x800020c0                        _erodata = .

.rela.dyn       0x800020c0        0x0
 .rela.init     0x800020c0        0x0 build/main.o

.data.align     0x80080000        0x0 load address 0x800020c0
                0x80080000                        . = ALIGN (0x4)
                0x80080000                        _data = .

.data.start     0x80080000        0x0 load address 0x800020c0
                0x800020c0                        _data_lma = LOADADDR (.data.start)

.data           0x80080000       0x18 load address 0x800020c0
 *(.data .data.*)
 *(.gnu.linkonce.d.*)
                0x80080000                        . = ALIGN (0x8)
                0x80080800                        PROVIDE (__global_pointer$ = (. + 0x800))
 *(.sdata .sdata.*)
 .sdata.uxTopUsedPriority
                0x80080000        0x4 build//home/halip/projects/my_diplom/src_FreeRtos/tasks.o
                0x80080000                uxTopUsedPriority
 .sdata.pxCriticalNesting
                0x80080004        0x4 build//home/halip/projects/my_diplom/src_FreeRtos/portable/GCC/RISC-V/port.o
                0x80080004                pxCriticalNesting
 .sdata.xCriticalNesting
                0x80080008        0x4 build//home/halip/projects/my_diplom/src_FreeRtos/portable/GCC/RISC-V/port.o
                0x80080008                xCriticalNesting
 .sdata.pullNextTime
                0x8008000c        0x4 build//home/halip/projects/my_diplom/src_FreeRtos/portable/GCC/RISC-V/port.o
                0x8008000c                pullNextTime
 *(.sdata2 .sdata2.*)
 *(.gnu.linkonce.s.*)
                0x80080010                        . = ALIGN (0x8)
 *(.srodata.cst16)
 *(.srodata.cst8)
 *(.srodata.cst4)
 *(.srodata.cst2)
 *(.srodata .srodata.*)
 .srodata.uxTimerIncrementsForOneTick
                0x80080010        0x4 build//home/halip/projects/my_diplom/src_FreeRtos/portable/GCC/RISC-V/port.o
                0x80080010                uxTimerIncrementsForOneTick
 .srodata.xISRStackTop
                0x80080014        0x4 build//home/halip/projects/my_diplom/src_FreeRtos/portable/GCC/RISC-V/port.o
                0x80080014                xISRStackTop
                0x80080018                        . = ALIGN (0x4)
                0x80080018                        _edata = .

.bss.align      0x80080018        0x0 load address 0x800020d8
                0x80080018                        . = ALIGN (0x4)
                0x80080018                        _bss = .

.bss.start      0x80080018        0x0 load address 0x800020d8
                0x800020d8                        _bss_lma = LOADADDR (.bss.start)

.bss            0x80080020    0x11dd0 load address 0x800020d8
 *(.sbss*)
 .sbss.xQueue   0x80080020        0x4 build/main_blinky.o
 .sbss.uxSchedulerSuspended
                0x80080024        0x4 build//home/halip/projects/my_diplom/src_FreeRtos/tasks.o
 .sbss.xIdleTaskHandle
                0x80080028        0x4 build//home/halip/projects/my_diplom/src_FreeRtos/tasks.o
 .sbss.xNextTaskUnblockTime
                0x8008002c        0x4 build//home/halip/projects/my_diplom/src_FreeRtos/tasks.o
 .sbss.uxTaskNumber
                0x80080030        0x4 build//home/halip/projects/my_diplom/src_FreeRtos/tasks.o
 .sbss.xNumOfOverflows
                0x80080034        0x4 build//home/halip/projects/my_diplom/src_FreeRtos/tasks.o
 .sbss.xYieldPending
                0x80080038        0x4 build//home/halip/projects/my_diplom/src_FreeRtos/tasks.o
 .sbss.xPendedTicks
                0x8008003c        0x4 build//home/halip/projects/my_diplom/src_FreeRtos/tasks.o
 .sbss.xSchedulerRunning
                0x80080040        0x4 build//home/halip/projects/my_diplom/src_FreeRtos/tasks.o
 .sbss.uxTopReadyPriority
                0x80080044        0x4 build//home/halip/projects/my_diplom/src_FreeRtos/tasks.o
 .sbss.xTickCount
                0x80080048        0x4 build//home/halip/projects/my_diplom/src_FreeRtos/tasks.o
 .sbss.uxCurrentNumberOfTasks
                0x8008004c        0x4 build//home/halip/projects/my_diplom/src_FreeRtos/tasks.o
 .sbss.uxDeletedTasksWaitingCleanUp
                0x80080050        0x4 build//home/halip/projects/my_diplom/src_FreeRtos/tasks.o
 .sbss.pxOverflowDelayedTaskList
                0x80080054        0x4 build//home/halip/projects/my_diplom/src_FreeRtos/tasks.o
 .sbss.pxDelayedTaskList
                0x80080058        0x4 build//home/halip/projects/my_diplom/src_FreeRtos/tasks.o
 .sbss.pxCurrentTCB
                0x8008005c        0x4 build//home/halip/projects/my_diplom/src_FreeRtos/tasks.o
                0x8008005c                pxCurrentTCB
 .sbss.xLastTime.0
                0x80080060        0x4 build//home/halip/projects/my_diplom/src_FreeRtos/timers.o
 .sbss.xTimerTaskHandle
                0x80080064        0x4 build//home/halip/projects/my_diplom/src_FreeRtos/timers.o
 .sbss.xTimerQueue
                0x80080068        0x4 build//home/halip/projects/my_diplom/src_FreeRtos/timers.o
 .sbss.pxOverflowTimerList
                0x8008006c        0x4 build//home/halip/projects/my_diplom/src_FreeRtos/timers.o
 .sbss.pxCurrentTimerList
                0x80080070        0x4 build//home/halip/projects/my_diplom/src_FreeRtos/timers.o
 .sbss.xNumberOfSuccessfulFrees
                0x80080074        0x4 build//home/halip/projects/my_diplom/src_FreeRtos/portable/MemMang/heap_4.o
 .sbss.xNumberOfSuccessfulAllocations
                0x80080078        0x4 build//home/halip/projects/my_diplom/src_FreeRtos/portable/MemMang/heap_4.o
 .sbss.xMinimumEverFreeBytesRemaining
                0x8008007c        0x4 build//home/halip/projects/my_diplom/src_FreeRtos/portable/MemMang/heap_4.o
 .sbss.xFreeBytesRemaining
                0x80080080        0x4 build//home/halip/projects/my_diplom/src_FreeRtos/portable/MemMang/heap_4.o
 .sbss.pxEnd    0x80080084        0x4 build//home/halip/projects/my_diplom/src_FreeRtos/portable/MemMang/heap_4.o
 .sbss.xStart   0x80080088        0x8 build//home/halip/projects/my_diplom/src_FreeRtos/portable/MemMang/heap_4.o
 .sbss.xTaskReturnAddress
                0x80080090        0x4 build//home/halip/projects/my_diplom/src_FreeRtos/portable/GCC/RISC-V/port.o
                0x80080090                xTaskReturnAddress
 .sbss.pullMachineTimerCompareRegister
                0x80080094        0x4 build//home/halip/projects/my_diplom/src_FreeRtos/portable/GCC/RISC-V/port.o
                0x80080094                pullMachineTimerCompareRegister
 .sbss.ullNextTime
                0x80080098        0x8 build//home/halip/projects/my_diplom/src_FreeRtos/portable/GCC/RISC-V/port.o
                0x80080098                ullNextTime
 *(.gnu.linkonce.sb.*)
 *(.bss .bss.*)
 .bss.xQueueRegistry
                0x800800a0       0x40 build//home/halip/projects/my_diplom/src_FreeRtos/queue.o
                0x800800a0                xQueueRegistry
 .bss.xSuspendedTaskList
                0x800800e0       0x14 build//home/halip/projects/my_diplom/src_FreeRtos/tasks.o
 .bss.xTasksWaitingTermination
                0x800800f4       0x14 build//home/halip/projects/my_diplom/src_FreeRtos/tasks.o
 .bss.xPendingReadyList
                0x80080108       0x14 build//home/halip/projects/my_diplom/src_FreeRtos/tasks.o
 .bss.xDelayedTaskList2
                0x8008011c       0x14 build//home/halip/projects/my_diplom/src_FreeRtos/tasks.o
 .bss.xDelayedTaskList1
                0x80080130       0x14 build//home/halip/projects/my_diplom/src_FreeRtos/tasks.o
 .bss.pxReadyTasksLists
                0x80080144       0x8c build//home/halip/projects/my_diplom/src_FreeRtos/tasks.o
 .bss.xActiveTimerList2
                0x800801d0       0x14 build//home/halip/projects/my_diplom/src_FreeRtos/timers.o
 .bss.xActiveTimerList1
                0x800801e4       0x14 build//home/halip/projects/my_diplom/src_FreeRtos/timers.o
 .bss.ucHeap    0x800801f8     0xfbf4 build//home/halip/projects/my_diplom/src_FreeRtos/portable/MemMang/heap_4.o
 *fill*         0x8008fdec        0x4 
 .bss.xISRStack
                0x8008fdf0     0x2000 build//home/halip/projects/my_diplom/src_FreeRtos/portable/GCC/RISC-V/port.o
 *(.gnu.linkonce.b.*)
 *(COMMON)
                0x80091df0                        . = ALIGN (0x4)
                0x80091df0                        _ebss = .
                0x80091df0                        . = ALIGN (0x8)
                0x80091df0                        _end = .

.stack          0x80091df0      0x12c
                0x80091df0                        . = ALIGN (0x10)
                0x80091f1c                        . = (. + __stack_size)
 *fill*         0x80091df0      0x12c 
                0x80091f1c                        _stack_top = .
OUTPUT(build/RTOSDemo.axf elf32-littleriscv)

.comment        0x00000000       0x34
 .comment       0x00000000       0x34 build/main.o
                                 0x35 (size before relaxing)
 .comment       0x00000034       0x35 build/main_blinky.o
 .comment       0x00000034       0x35 build/riscv-virt.o
 .comment       0x00000034       0x35 build/spi.o
 .comment       0x00000034       0x35 build//home/halip/projects/my_diplom/src_FreeRtos/list.o
 .comment       0x00000034       0x35 build//home/halip/projects/my_diplom/src_FreeRtos/queue.o
 .comment       0x00000034       0x35 build//home/halip/projects/my_diplom/src_FreeRtos/tasks.o
 .comment       0x00000034       0x35 build//home/halip/projects/my_diplom/src_FreeRtos/timers.o
 .comment       0x00000034       0x35 build//home/halip/projects/my_diplom/src_FreeRtos/portable/MemMang/heap_4.o
 .comment       0x00000034       0x35 build//home/halip/projects/my_diplom/src_FreeRtos/portable/GCC/RISC-V/port.o
 .comment       0x00000034       0x35 /home/halip/x-tools/riscv64-unknown-elf/lib/gcc/riscv64-unknown-elf/12.2.0/libgcc.a(_clzsi2.o)
 .comment       0x00000034       0x35 /home/halip/x-tools/riscv64-unknown-elf/lib/gcc/riscv64-unknown-elf/12.2.0/libgcc.a(_clz.o)

.riscv.attributes
                0x00000000       0x41
 .riscv.attributes
                0x00000000       0x41 build/main.o
 .riscv.attributes
                0x00000041       0x3d build/main_blinky.o
 .riscv.attributes
                0x0000007e       0x41 build/riscv-virt.o
 .riscv.attributes
                0x000000bf       0x3d build/spi.o
 .riscv.attributes
                0x000000fc       0x3d build//home/halip/projects/my_diplom/src_FreeRtos/list.o
 .riscv.attributes
                0x00000139       0x41 build//home/halip/projects/my_diplom/src_FreeRtos/queue.o
 .riscv.attributes
                0x0000017a       0x41 build//home/halip/projects/my_diplom/src_FreeRtos/tasks.o
 .riscv.attributes
                0x000001bb       0x41 build//home/halip/projects/my_diplom/src_FreeRtos/timers.o
 .riscv.attributes
                0x000001fc       0x41 build//home/halip/projects/my_diplom/src_FreeRtos/portable/MemMang/heap_4.o
 .riscv.attributes
                0x0000023d       0x41 build//home/halip/projects/my_diplom/src_FreeRtos/portable/GCC/RISC-V/port.o
 .riscv.attributes
                0x0000027e       0x3f build/start.o
 .riscv.attributes
                0x000002bd       0x3f build//home/halip/projects/my_diplom/src_FreeRtos/portable/GCC/RISC-V/portASM.o
 .riscv.attributes
                0x000002fc       0x38 /home/halip/x-tools/riscv64-unknown-elf/lib/gcc/riscv64-unknown-elf/12.2.0/libgcc.a(_clzsi2.o)
 .riscv.attributes
                0x00000334       0x38 /home/halip/x-tools/riscv64-unknown-elf/lib/gcc/riscv64-unknown-elf/12.2.0/libgcc.a(_clz.o)
 .riscv.attributes
                0x0000036c       0x36 /home/halip/x-tools/riscv64-unknown-elf/lib/gcc/riscv64-unknown-elf/12.2.0/../../../../riscv64-unknown-elf/lib/libc.a(lib_a-memcpy-asm.o)
 .riscv.attributes
                0x000003a2       0x36 /home/halip/x-tools/riscv64-unknown-elf/lib/gcc/riscv64-unknown-elf/12.2.0/../../../../riscv64-unknown-elf/lib/libc.a(lib_a-memset.o)

.debug_info     0x00000000      0x27c
 .debug_info    0x00000000      0x142 /home/halip/x-tools/riscv64-unknown-elf/lib/gcc/riscv64-unknown-elf/12.2.0/libgcc.a(_clzsi2.o)
 .debug_info    0x00000142       0xd8 /home/halip/x-tools/riscv64-unknown-elf/lib/gcc/riscv64-unknown-elf/12.2.0/libgcc.a(_clz.o)
 .debug_info    0x0000021a       0x31 /home/halip/x-tools/riscv64-unknown-elf/lib/gcc/riscv64-unknown-elf/12.2.0/../../../../riscv64-unknown-elf/lib/libc.a(lib_a-memcpy-asm.o)
 .debug_info    0x0000024b       0x31 /home/halip/x-tools/riscv64-unknown-elf/lib/gcc/riscv64-unknown-elf/12.2.0/../../../../riscv64-unknown-elf/lib/libc.a(lib_a-memset.o)

.debug_abbrev   0x00000000      0x18a
 .debug_abbrev  0x00000000       0xca /home/halip/x-tools/riscv64-unknown-elf/lib/gcc/riscv64-unknown-elf/12.2.0/libgcc.a(_clzsi2.o)
 .debug_abbrev  0x000000ca       0x70 /home/halip/x-tools/riscv64-unknown-elf/lib/gcc/riscv64-unknown-elf/12.2.0/libgcc.a(_clz.o)
 .debug_abbrev  0x0000013a       0x28 /home/halip/x-tools/riscv64-unknown-elf/lib/gcc/riscv64-unknown-elf/12.2.0/../../../../riscv64-unknown-elf/lib/libc.a(lib_a-memcpy-asm.o)
 .debug_abbrev  0x00000162       0x28 /home/halip/x-tools/riscv64-unknown-elf/lib/gcc/riscv64-unknown-elf/12.2.0/../../../../riscv64-unknown-elf/lib/libc.a(lib_a-memset.o)

.debug_loclists
                0x00000000       0x62
 .debug_loclists
                0x00000000       0x62 /home/halip/x-tools/riscv64-unknown-elf/lib/gcc/riscv64-unknown-elf/12.2.0/libgcc.a(_clzsi2.o)

.debug_aranges  0x00000000       0x78
 .debug_aranges
                0x00000000       0x20 /home/halip/x-tools/riscv64-unknown-elf/lib/gcc/riscv64-unknown-elf/12.2.0/libgcc.a(_clzsi2.o)
 .debug_aranges
                0x00000020       0x18 /home/halip/x-tools/riscv64-unknown-elf/lib/gcc/riscv64-unknown-elf/12.2.0/libgcc.a(_clz.o)
 .debug_aranges
                0x00000038       0x20 /home/halip/x-tools/riscv64-unknown-elf/lib/gcc/riscv64-unknown-elf/12.2.0/../../../../riscv64-unknown-elf/lib/libc.a(lib_a-memcpy-asm.o)
 .debug_aranges
                0x00000058       0x20 /home/halip/x-tools/riscv64-unknown-elf/lib/gcc/riscv64-unknown-elf/12.2.0/../../../../riscv64-unknown-elf/lib/libc.a(lib_a-memset.o)

.debug_rnglists
                0x00000000       0x28
 .debug_rnglists
                0x00000000       0x28 /home/halip/x-tools/riscv64-unknown-elf/lib/gcc/riscv64-unknown-elf/12.2.0/libgcc.a(_clzsi2.o)

.debug_line     0x00000000      0x1f2
 .debug_line    0x00000000       0xcb /home/halip/x-tools/riscv64-unknown-elf/lib/gcc/riscv64-unknown-elf/12.2.0/libgcc.a(_clzsi2.o)
 .debug_line    0x000000cb       0x3f /home/halip/x-tools/riscv64-unknown-elf/lib/gcc/riscv64-unknown-elf/12.2.0/libgcc.a(_clz.o)
 .debug_line    0x0000010a       0x7a /home/halip/x-tools/riscv64-unknown-elf/lib/gcc/riscv64-unknown-elf/12.2.0/../../../../riscv64-unknown-elf/lib/libc.a(lib_a-memcpy-asm.o)
 .debug_line    0x00000184       0x6e /home/halip/x-tools/riscv64-unknown-elf/lib/gcc/riscv64-unknown-elf/12.2.0/../../../../riscv64-unknown-elf/lib/libc.a(lib_a-memset.o)

.debug_str      0x00000000      0x2bb
 .debug_str     0x00000000      0x14b /home/halip/x-tools/riscv64-unknown-elf/lib/gcc/riscv64-unknown-elf/12.2.0/libgcc.a(_clzsi2.o)
                                0x1a4 (size before relaxing)
 .debug_str     0x0000014b      0x187 /home/halip/x-tools/riscv64-unknown-elf/lib/gcc/riscv64-unknown-elf/12.2.0/libgcc.a(_clz.o)
 .debug_str     0x0000014b       0xfe /home/halip/x-tools/riscv64-unknown-elf/lib/gcc/riscv64-unknown-elf/12.2.0/../../../../riscv64-unknown-elf/lib/libc.a(lib_a-memcpy-asm.o)
 .debug_str     0x00000249       0x72 /home/halip/x-tools/riscv64-unknown-elf/lib/gcc/riscv64-unknown-elf/12.2.0/../../../../riscv64-unknown-elf/lib/libc.a(lib_a-memset.o)
                                 0xfa (size before relaxing)

.debug_line_str
                0x00000000      0x211
 .debug_line_str
                0x00000000      0x11d /home/halip/x-tools/riscv64-unknown-elf/lib/gcc/riscv64-unknown-elf/12.2.0/libgcc.a(_clzsi2.o)
                                0x1a2 (size before relaxing)
 .debug_line_str
                0x0000011d      0x1a2 /home/halip/x-tools/riscv64-unknown-elf/lib/gcc/riscv64-unknown-elf/12.2.0/libgcc.a(_clz.o)
 .debug_line_str
                0x0000011d       0xeb /home/halip/x-tools/riscv64-unknown-elf/lib/gcc/riscv64-unknown-elf/12.2.0/../../../../riscv64-unknown-elf/lib/libc.a(lib_a-memcpy-asm.o)
 .debug_line_str
                0x00000208        0x9 /home/halip/x-tools/riscv64-unknown-elf/lib/gcc/riscv64-unknown-elf/12.2.0/../../../../riscv64-unknown-elf/lib/libc.a(lib_a-memset.o)
                                 0xe7 (size before relaxing)

.debug_frame    0x00000000       0x20
 .debug_frame   0x00000000       0x20 /home/halip/x-tools/riscv64-unknown-elf/lib/gcc/riscv64-unknown-elf/12.2.0/libgcc.a(_clzsi2.o)
