Archive member included to satisfy reference by file (symbol)

/home/halip/x-tools/riscv64-unknown-elf/lib/gcc/riscv64-unknown-elf/12.2.0/libgcc.a(_clzsi2.o)
                              build//home/halip/projects/my_diplom/src_FreeRtos/tasks.o (__clzsi2)
/home/halip/x-tools/riscv64-unknown-elf/lib/gcc/riscv64-unknown-elf/12.2.0/libgcc.a(_clz.o)
                              /home/halip/x-tools/riscv64-unknown-elf/lib/gcc/riscv64-unknown-elf/12.2.0/libgcc.a(_clzsi2.o) (__clz_tab)
/home/halip/x-tools/riscv64-unknown-elf/lib/gcc/riscv64-unknown-elf/12.2.0/../../../../riscv64-unknown-elf/lib/libc.a(lib_a-memcpy-asm.o)
                              build//home/halip/projects/my_diplom/src_FreeRtos/queue.o (memcpy)
/home/halip/x-tools/riscv64-unknown-elf/lib/gcc/riscv64-unknown-elf/12.2.0/../../../../riscv64-unknown-elf/lib/libc.a(lib_a-memset.o)
                              build//home/halip/projects/my_diplom/src_FreeRtos/stream_buffer.o (memset)
/home/halip/x-tools/riscv64-unknown-elf/lib/gcc/riscv64-unknown-elf/12.2.0/../../../../riscv64-unknown-elf/lib/libc.a(lib_a-sprintf.o)
                              build/main_blinky.o (sprintf)
/home/halip/x-tools/riscv64-unknown-elf/lib/gcc/riscv64-unknown-elf/12.2.0/../../../../riscv64-unknown-elf/lib/libc.a(lib_a-strcmp.o)
                              build//home/halip/projects/my_diplom/demo_src/Minimal/TimerDemo.o (strcmp)
/home/halip/x-tools/riscv64-unknown-elf/lib/gcc/riscv64-unknown-elf/12.2.0/../../../../riscv64-unknown-elf/lib/libc.a(lib_a-strlen.o)
                              build/riscv-virt.o (strlen)
/home/halip/x-tools/riscv64-unknown-elf/lib/gcc/riscv64-unknown-elf/12.2.0/../../../../riscv64-unknown-elf/lib/libc.a(lib_a-svfprintf.o)
                              /home/halip/x-tools/riscv64-unknown-elf/lib/gcc/riscv64-unknown-elf/12.2.0/../../../../riscv64-unknown-elf/lib/libc.a(lib_a-sprintf.o) (_svfprintf_r)
/home/halip/x-tools/riscv64-unknown-elf/lib/gcc/riscv64-unknown-elf/12.2.0/../../../../riscv64-unknown-elf/lib/libc.a(lib_a-impure.o)
                              /home/halip/x-tools/riscv64-unknown-elf/lib/gcc/riscv64-unknown-elf/12.2.0/../../../../riscv64-unknown-elf/lib/libc.a(lib_a-sprintf.o) (_impure_ptr)
/home/halip/x-tools/riscv64-unknown-elf/lib/gcc/riscv64-unknown-elf/12.2.0/../../../../riscv64-unknown-elf/lib/libc.a(lib_a-mallocr.o)
                              /home/halip/x-tools/riscv64-unknown-elf/lib/gcc/riscv64-unknown-elf/12.2.0/../../../../riscv64-unknown-elf/lib/libc.a(lib_a-svfprintf.o) (_malloc_r)
/home/halip/x-tools/riscv64-unknown-elf/lib/gcc/riscv64-unknown-elf/12.2.0/../../../../riscv64-unknown-elf/lib/libc.a(lib_a-memchr.o)
                              /home/halip/x-tools/riscv64-unknown-elf/lib/gcc/riscv64-unknown-elf/12.2.0/../../../../riscv64-unknown-elf/lib/libc.a(lib_a-svfprintf.o) (memchr)
/home/halip/x-tools/riscv64-unknown-elf/lib/gcc/riscv64-unknown-elf/12.2.0/../../../../riscv64-unknown-elf/lib/libc.a(lib_a-mlock.o)
                              /home/halip/x-tools/riscv64-unknown-elf/lib/gcc/riscv64-unknown-elf/12.2.0/../../../../riscv64-unknown-elf/lib/libc.a(lib_a-mallocr.o) (__malloc_lock)
/home/halip/x-tools/riscv64-unknown-elf/lib/gcc/riscv64-unknown-elf/12.2.0/../../../../riscv64-unknown-elf/lib/libc.a(lib_a-sbrkr.o)
                              /home/halip/x-tools/riscv64-unknown-elf/lib/gcc/riscv64-unknown-elf/12.2.0/../../../../riscv64-unknown-elf/lib/libc.a(lib_a-mallocr.o) (_sbrk_r)
/home/halip/x-tools/riscv64-unknown-elf/lib/gcc/riscv64-unknown-elf/12.2.0/../../../../riscv64-unknown-elf/lib/libc.a(lib_a-svfiprintf.o)
                              /home/halip/x-tools/riscv64-unknown-elf/lib/gcc/riscv64-unknown-elf/12.2.0/../../../../riscv64-unknown-elf/lib/libc.a(lib_a-svfprintf.o) (__ssprint_r)
/home/halip/x-tools/riscv64-unknown-elf/lib/gcc/riscv64-unknown-elf/12.2.0/../../../../riscv64-unknown-elf/lib/libc.a(lib_a-freer.o)
                              /home/halip/x-tools/riscv64-unknown-elf/lib/gcc/riscv64-unknown-elf/12.2.0/../../../../riscv64-unknown-elf/lib/libc.a(lib_a-mallocr.o) (_free_r)
/home/halip/x-tools/riscv64-unknown-elf/lib/gcc/riscv64-unknown-elf/12.2.0/../../../../riscv64-unknown-elf/lib/libc.a(lib_a-memmove.o)
                              /home/halip/x-tools/riscv64-unknown-elf/lib/gcc/riscv64-unknown-elf/12.2.0/../../../../riscv64-unknown-elf/lib/libc.a(lib_a-svfiprintf.o) (memmove)
/home/halip/x-tools/riscv64-unknown-elf/lib/gcc/riscv64-unknown-elf/12.2.0/../../../../riscv64-unknown-elf/lib/libc.a(lib_a-reallocr.o)
                              /home/halip/x-tools/riscv64-unknown-elf/lib/gcc/riscv64-unknown-elf/12.2.0/../../../../riscv64-unknown-elf/lib/libc.a(lib_a-svfiprintf.o) (_realloc_r)
/home/halip/x-tools/riscv64-unknown-elf/lib/gcc/riscv64-unknown-elf/12.2.0/../../../../riscv64-unknown-elf/lib/libc.a(lib_a-reent.o)
[...]
Memory Configuration

Name             Origin             Length             Attributes
rom              0x80000000         0x00080000         axr
ram              0x80080000         0x00080000         axw
*default*        0x00000000         0xffffffff

Linker script and memory map

                0x0000012c                        __stack_size = 0x12c
LOAD build/main.o
LOAD build/main_blinky.o
LOAD build/riscv-virt.o
LOAD build/ns16550.o
LOAD build//home/halip/projects/my_diplom/demo_src/Minimal/EventGroupsDemo.o
LOAD build//home/halip/projects/my_diplom/demo_src/Minimal/TaskNotify.o
LOAD build//home/halip/projects/my_diplom/demo_src/Minimal/TimerDemo.o
LOAD build//home/halip/projects/my_diplom/demo_src/Minimal/blocktim.o
LOAD build//home/halip/projects/my_diplom/demo_src/Minimal/dynamic.o
LOAD build//home/halip/projects/my_diplom/demo_src/Minimal/recmutex.o
LOAD build//home/halip/projects/my_diplom/src_FreeRtos/event_groups.o
LOAD build//home/halip/projects/my_diplom/src_FreeRtos/list.o
LOAD build//home/halip/projects/my_diplom/src_FreeRtos/queue.o
LOAD build//home/halip/projects/my_diplom/src_FreeRtos/stream_buffer.o
LOAD build//home/halip/projects/my_diplom/src_FreeRtos/tasks.o
LOAD build//home/halip/projects/my_diplom/src_FreeRtos/timers.o
LOAD build//home/halip/projects/my_diplom/src_FreeRtos/portable/MemMang/heap_4.o
LOAD build//home/halip/projects/my_diplom/src_FreeRtos/portable/GCC/RISC-V/port.o
LOAD build/start.o
LOAD build/vector.o
LOAD build//home/halip/projects/my_diplom/src_FreeRtos/portable/GCC/RISC-V/portASM.o
LOAD /home/halip/x-tools/riscv64-unknown-elf/lib/gcc/riscv64-unknown-elf/12.2.0/libgcc.a
START GROUP
LOAD /home/halip/x-tools/riscv64-unknown-elf/lib/gcc/riscv64-unknown-elf/12.2.0/../../../../riscv64-unknown-elf/lib/libc.a
LOAD /home/halip/x-tools/riscv64-unknown-elf/lib/gcc/riscv64-unknown-elf/12.2.0/../../../../riscv64-unknown-elf/lib/libgloss.a
END GROUP
LOAD /home/halip/x-tools/riscv64-unknown-elf/lib/gcc/riscv64-unknown-elf/12.2.0/libgcc.a

.init           0x80000000       0x76
                0x80000000                        _text = .
 *(SORT_NONE(.init))
 .init          0x80000000       0x76 build/start.o
                0x80000000                _start

.text           0x80000100     0x4794
 *(.text.unlikely .text.unlikely.*)
 *(.text.startup .text.startup.*)
 .text.startup.main
                0x80000100        0xe build/main.o
                0x80000100                main
 *(.text .text.*)
 .text.vApplicationMallocFailedHook
                0x8000010e        0x6 build/main.o
                0x8000010e                vApplicationMallocFailedHook
 .text.vApplicationStackOverflowHook
                0x80000114        0x6 build/main.o
                0x80000114                vApplicationStackOverflowHook
 .text.vApplicationTickHook
                0x8000011a        0x2 build/main.o
                0x8000011a                vApplicationTickHook
 .text.vAssertCalled
                0x8000011c       0x36 build/main.o
                0x8000011c                vAssertCalled
 .text.prvQueueSendTask
                0x80000152       0x7c build/main_blinky.o
 .text.prvQueueReceiveTask
                0x800001ce       0x92 build/main_blinky.o
 .text.main_blinky
                0x80000260       0x68 build/main_blinky.o
                0x80000260                main_blinky
 .text.xGetCoreID
                0x800002c8        0x6 build/riscv-virt.o
                0x800002c8                xGetCoreID
 .text.vSendString
                0x800002ce       0x66 build/riscv-virt.o
                0x800002ce                vSendString
 .text.vOutNS16550
                0x80000334       0x14 build/ns16550.o
                0x80000334                vOutNS16550
 .text.vListInitialise
                0x80000348       0x14 build//home/halip/projects/my_diplom/src_FreeRtos/list.o
                0x80000348                vListInitialise
 .text.vListInitialiseItem
                0x8000035c        0x6 build//home/halip/projects/my_diplom/src_FreeRtos/list.o
                0x8000035c                vListInitialiseItem
 .text.vListInsert
                0x80000362       0x2e build//home/halip/projects/my_diplom/src_FreeRtos/list.o
                0x80000362                vListInsert
 .text.uxListRemove
                0x80000390       0x2e build//home/halip/projects/my_diplom/src_FreeRtos/list.o
                0x80000390                uxListRemove
 .text.prvCopyDataToQueue
                0x800003be       0x96 build//home/halip/projects/my_diplom/src_FreeRtos/queue.o
 .text.prvUnlockQueue
                0x80000454       0xf8 build//home/halip/projects/my_diplom/src_FreeRtos/queue.o
 .text.xQueueGenericReset
                0x8000054c       0xa4 build//home/halip/projects/my_diplom/src_FreeRtos/queue.o
                0x8000054c                xQueueGenericReset
 .text.xQueueGenericCreate
                0x800005f0       0x7c build//home/halip/projects/my_diplom/src_FreeRtos/queue.o
                0x800005f0                xQueueGenericCreate
 .text.xQueueGenericSend
                0x8000066c      0x18c build//home/halip/projects/my_diplom/src_FreeRtos/queue.o
                0x8000066c                xQueueGenericSend
 .text.xQueueReceive
                0x800007f8      0x19e build//home/halip/projects/my_diplom/src_FreeRtos/queue.o
                0x800007f8                xQueueReceive
 .text.vQueueAddToRegistry
                0x80000996       0x5c build//home/halip/projects/my_diplom/src_FreeRtos/queue.o
                0x80000996                vQueueAddToRegistry
 .text.vQueueWaitForMessageRestricted
                0x800009f2       0x64 build//home/halip/projects/my_diplom/src_FreeRtos/queue.o
                0x800009f2                vQueueWaitForMessageRestricted
 .text.prvAddCurrentTaskToDelayedList
                0x80000a56       0xec build//home/halip/projects/my_diplom/src_FreeRtos/tasks.o
 .text.prvIdleTask
                0x80000b42       0x7c build//home/halip/projects/my_diplom/src_FreeRtos/tasks.o
 .text.xTaskIncrementTick.part.0
                0x80000bbe      0x1ba build//home/halip/projects/my_diplom/src_FreeRtos/tasks.o
 .text.xTaskCreate
                0x80000d78      0x24e build//home/halip/projects/my_diplom/src_FreeRtos/tasks.o
                0x80000d78                xTaskCreate
 .text.vTaskStartScheduler
                0x80000fc6       0x84 build//home/halip/projects/my_diplom/src_FreeRtos/tasks.o
                0x80000fc6                vTaskStartScheduler
 .text.vTaskSuspendAll
                0x8000104a       0x10 build//home/halip/projects/my_diplom/src_FreeRtos/tasks.o
                0x8000104a                vTaskSuspendAll
 .text.xTaskResumeAll
                0x8000105a      0x1b8 build//home/halip/projects/my_diplom/src_FreeRtos/tasks.o
                0x8000105a                xTaskResumeAll
 .text.xTaskDelayUntil
                0x80001212       0x88 build//home/halip/projects/my_diplom/src_FreeRtos/tasks.o
                0x80001212                xTaskDelayUntil
 .text.xTaskGetTickCount
                0x8000129a        0xa build//home/halip/projects/my_diplom/src_FreeRtos/tasks.o
                0x8000129a                xTaskGetTickCount
 .text.pcTaskGetName
                0x800012a4       0x28 build//home/halip/projects/my_diplom/src_FreeRtos/tasks.o
                0x800012a4                pcTaskGetName
 .text.xTaskIncrementTick
                0x800012cc       0x2c build//home/halip/projects/my_diplom/src_FreeRtos/tasks.o
                0x800012cc                xTaskIncrementTick
 .text.vTaskSwitchContext
                0x800012f8       0xcc build//home/halip/projects/my_diplom/src_FreeRtos/tasks.o
                0x800012f8                vTaskSwitchContext
 .text.vTaskPlaceOnEventList
                0x800013c4       0x30 build//home/halip/projects/my_diplom/src_FreeRtos/tasks.o
                0x800013c4                vTaskPlaceOnEventList
 .text.vTaskPlaceOnEventListRestricted
                0x800013f4       0x64 build//home/halip/projects/my_diplom/src_FreeRtos/tasks.o
                0x800013f4                vTaskPlaceOnEventListRestricted
 .text.xTaskRemoveFromEventList
                0x80001458       0xde build//home/halip/projects/my_diplom/src_FreeRtos/tasks.o
                0x80001458                xTaskRemoveFromEventList
 .text.vTaskInternalSetTimeOutState
                0x80001536       0x16 build//home/halip/projects/my_diplom/src_FreeRtos/tasks.o
                0x80001536                vTaskInternalSetTimeOutState
 .text.xTaskCheckForTimeOut
                0x8000154c       0xaa build//home/halip/projects/my_diplom/src_FreeRtos/tasks.o
                0x8000154c                xTaskCheckForTimeOut
 .text.vTaskMissedYield
                0x800015f6        0xc build//home/halip/projects/my_diplom/src_FreeRtos/tasks.o
                0x800015f6                vTaskMissedYield
 .text.xTaskGetCurrentTaskHandle
                0x80001602        0xa build//home/halip/projects/my_diplom/src_FreeRtos/tasks.o
                0x80001602                xTaskGetCurrentTaskHandle
 .text.xTaskGetSchedulerState
                0x8000160c       0x1c build//home/halip/projects/my_diplom/src_FreeRtos/tasks.o
                0x8000160c                xTaskGetSchedulerState
 .text.xTaskPriorityDisinherit
                0x80001628       0xc4 build//home/halip/projects/my_diplom/src_FreeRtos/tasks.o
                0x80001628                xTaskPriorityDisinherit
 .text.prvCheckForValidListAndQueue
                0x800016ec       0x82 build//home/halip/projects/my_diplom/src_FreeRtos/timers.o
 .text.prvProcessExpiredTimer
                0x8000176e       0x94 build//home/halip/projects/my_diplom/src_FreeRtos/timers.o
 .text.prvTimerTask
                0x80001802      0x242 build//home/halip/projects/my_diplom/src_FreeRtos/timers.o
 .text.xTimerCreateTimerTask
                0x80001a44       0x42 build//home/halip/projects/my_diplom/src_FreeRtos/timers.o
                0x80001a44                xTimerCreateTimerTask
 .text.prvInsertBlockIntoFreeList
                0x80001a86       0x56 build//home/halip/projects/my_diplom/src_FreeRtos/portable/MemMang/heap_4.o
 .text.pvPortMalloc
                0x80001adc      0x166 build//home/halip/projects/my_diplom/src_FreeRtos/portable/MemMang/heap_4.o
                0x80001adc                pvPortMalloc
 .text.vPortFree
                0x80001c42       0x84 build//home/halip/projects/my_diplom/src_FreeRtos/portable/MemMang/heap_4.o
                0x80001c42                vPortFree
 .text.vPortSetupTimerInterrupt
                0x80001cc6       0x5e build//home/halip/projects/my_diplom/src_FreeRtos/portable/GCC/RISC-V/port.o
                0x80001cc6                vPortSetupTimerInterrupt
 .text.xPortStartScheduler
                0x80001d24       0x2a build//home/halip/projects/my_diplom/src_FreeRtos/portable/GCC/RISC-V/port.o
                0x80001d24                xPortStartScheduler
 .text          0x80001d4e       0xc2 build//home/halip/projects/my_diplom/src_FreeRtos/portable/GCC/RISC-V/portASM.o
                0x80001d4e                pxPortInitialiseStack
                0x80001d96                xPortStartFirstTask
                0x80001df4                freertos_risc_v_application_exception_handler
                0x80001e02                freertos_risc_v_application_interrupt_handler
 *fill*         0x80001e10       0xf0 
 .text.freertos_risc_v_trap_handler
                0x80001f00      0x1da build//home/halip/projects/my_diplom/src_FreeRtos/portable/GCC/RISC-V/portASM.o
                0x80001f00                freertos_risc_v_trap_handler
 *fill*         0x800020da        0x2 
 .text          0x800020dc       0x4c /home/halip/x-tools/riscv64-unknown-elf/lib/gcc/riscv64-unknown-elf/12.2.0/libgcc.a(_clzsi2.o)
                0x800020dc                __clzsi2
 .text          0x80002128       0x24 /home/halip/x-tools/riscv64-unknown-elf/lib/gcc/riscv64-unknown-elf/12.2.0/../../../../riscv64-unknown-elf/lib/libc.a(lib_a-memcpy-asm.o)
                0x80002128                memcpy
 .text          0x8000214c       0x1c /home/halip/x-tools/riscv64-unknown-elf/lib/gcc/riscv64-unknown-elf/12.2.0/../../../../riscv64-unknown-elf/lib/libc.a(lib_a-memset.o)
                0x8000214c                memset
 .text          0x80002168       0xd4 /home/halip/x-tools/riscv64-unknown-elf/lib/gcc/riscv64-unknown-elf/12.2.0/../../../../riscv64-unknown-elf/lib/libc.a(lib_a-sprintf.o)
                0x80002168                _sprintf_r
                0x800021cc                sprintf
 .text          0x8000223c       0x1c /home/halip/x-tools/riscv64-unknown-elf/lib/gcc/riscv64-unknown-elf/12.2.0/../../../../riscv64-unknown-elf/lib/libc.a(lib_a-strlen.o)
                0x8000223c                strlen
 .text          0x80002258      0x9dc /home/halip/x-tools/riscv64-unknown-elf/lib/gcc/riscv64-unknown-elf/12.2.0/../../../../riscv64-unknown-elf/lib/libc.a(lib_a-svfprintf.o)
                0x80002258                _svfprintf_r
 .text          0x80002c34      0x6a4 /home/halip/x-tools/riscv64-unknown-elf/lib/gcc/riscv64-unknown-elf/12.2.0/../../../../riscv64-unknown-elf/lib/libc.a(lib_a-mallocr.o)
                0x80002c34                _malloc_r
 .text          0x800032d8       0x24 /home/halip/x-tools/riscv64-unknown-elf/lib/gcc/riscv64-unknown-elf/12.2.0/../../../../riscv64-unknown-elf/lib/libc.a(lib_a-memchr.o)
                0x800032d8                memchr
 .text          0x800032fc        0x8 /home/halip/x-tools/riscv64-unknown-elf/lib/gcc/riscv64-unknown-elf/12.2.0/../../../../riscv64-unknown-elf/lib/libc.a(lib_a-mlock.o)
                0x800032fc                __malloc_lock
                0x80003300                __malloc_unlock
 .text          0x80003304       0x4c /home/halip/x-tools/riscv64-unknown-elf/lib/gcc/riscv64-unknown-elf/12.2.0/../../../../riscv64-unknown-elf/lib/libc.a(lib_a-sbrkr.o)
                0x80003304                _sbrk_r
 .text          0x80003350      0xba0 /home/halip/x-tools/riscv64-unknown-elf/lib/gcc/riscv64-unknown-elf/12.2.0/../../../../riscv64-unknown-elf/lib/libc.a(lib_a-svfiprintf.o)
                0x80003350                __ssprint_r
                0x80003514                _svfiprintf_r
 .text          0x80003ef0      0x388 /home/halip/x-tools/riscv64-unknown-elf/lib/gcc/riscv64-unknown-elf/12.2.0/../../../../riscv64-unknown-elf/lib/libc.a(lib_a-freer.o)
                0x80003ef0                _malloc_trim_r
                0x80004010                _free_r
 .text          0x80004278       0x3c /home/halip/x-tools/riscv64-unknown-elf/lib/gcc/riscv64-unknown-elf/12.2.0/../../../../riscv64-unknown-elf/lib/libc.a(lib_a-memmove.o)
                0x80004278                memmove
 .text          0x800042b4      0x568 /home/halip/x-tools/riscv64-unknown-elf/lib/gcc/riscv64-unknown-elf/12.2.0/../../../../riscv64-unknown-elf/lib/libc.a(lib_a-reallocr.o)
                0x800042b4                _realloc_r
 .text          0x8000481c       0x70 /home/halip/x-tools/riscv64-unknown-elf/lib/gcc/riscv64-unknown-elf/12.2.0/../../../../riscv64-unknown-elf/lib/libgloss.a(sys_sbrk.o)
                0x8000481c                _sbrk
 .text          0x8000488c        0x8 /home/halip/x-tools/riscv64-unknown-elf/lib/gcc/riscv64-unknown-elf/12.2.0/../../../../riscv64-unknown-elf/lib/libc.a(lib_a-errno.o)
                0x8000488c                __errno
 *(.gnu.linkonce.t.*)

.fini           0x80004894        0x0
 *(SORT_NONE(.fini))
                0x80004894                        _etext = .

.rodata.align   0x80004894        0x0
                0x80004894                        . = ALIGN (0x4)
                0x80004894                        _rodata = .

.rodata.start   0x80004894        0x0
                0x80004894                        _rodata_lma = LOADADDR (.rodata.start)

.rodata         0x80004894      0x430
 *(.rdata)
 *(.rodata .rodata.*)
 .rodata.vAssertCalled.str1.4
                0x80004894       0x10 build/main.o
 .rodata.prvQueueSendTask.str1.4
                0x800048a4       0x23 build/main_blinky.o
 *fill*         0x800048c7        0x1 
 .rodata.prvQueueReceiveTask.str1.4
                0x800048c8       0x2c build/main_blinky.o
 .rodata.main_blinky.str1.4
                0x800048f4        0x7 build/main_blinky.o
                                 0x17 (size before relaxing)
 *fill*         0x800048fb        0x1 
 .rodata.vTaskStartScheduler.str1.4
                0x800048fc        0x5 build//home/halip/projects/my_diplom/src_FreeRtos/tasks.o
 *fill*         0x80004901        0x3 
 .rodata.prvCheckForValidListAndQueue.str1.4
                0x80004904        0x5 build//home/halip/projects/my_diplom/src_FreeRtos/timers.o
 *fill*         0x80004909        0x3 
 .rodata.prvTimerTask
                0x8000490c       0x28 build//home/halip/projects/my_diplom/src_FreeRtos/timers.o
 .rodata.xTimerCreateTimerTask.str1.4
                0x80004934        0x8 build//home/halip/projects/my_diplom/src_FreeRtos/timers.o
 .rodata        0x8000493c      0x100 /home/halip/x-tools/riscv64-unknown-elf/lib/gcc/riscv64-unknown-elf/12.2.0/libgcc.a(_clz.o)
                0x8000493c                __clz_tab
 .rodata.str1.4
                0x80004a3c       0x25 /home/halip/x-tools/riscv64-unknown-elf/lib/gcc/riscv64-unknown-elf/12.2.0/../../../../riscv64-unknown-elf/lib/libc.a(lib_a-svfprintf.o)
 *fill*         0x80004a61        0x3 
 .rodata        0x80004a64      0x130 /home/halip/x-tools/riscv64-unknown-elf/lib/gcc/riscv64-unknown-elf/12.2.0/../../../../riscv64-unknown-elf/lib/libc.a(lib_a-svfprintf.o)
 .rodata.str1.4
                0x80004b94       0x25 /home/halip/x-tools/riscv64-unknown-elf/lib/gcc/riscv64-unknown-elf/12.2.0/../../../../riscv64-unknown-elf/lib/libc.a(lib_a-svfiprintf.o)
 .rodata        0x80004b94      0x130 /home/halip/x-tools/riscv64-unknown-elf/lib/gcc/riscv64-unknown-elf/12.2.0/../../../../riscv64-unknown-elf/lib/libc.a(lib_a-svfiprintf.o)
 *(.gnu.linkonce.r.*)
                0x80004cc4                        . = ALIGN (0x4)
                0x80004cc4                        _erodata = .

.rela.dyn       0x80004cc4        0x0
 .rela.init     0x80004cc4        0x0 build/main.o

.data.align     0x80080000        0x0 load address 0x80004cc4
                0x80080000                        . = ALIGN (0x4)
                0x80080000                        _data = .

.data.start     0x80080000        0x0 load address 0x80004cc4
                0x80004cc4                        _data_lma = LOADADDR (.data.start)

.data           0x80080000      0x858 load address 0x80004cc4
 *(.data .data.*)
 .data          0x80080000      0x428 /home/halip/x-tools/riscv64-unknown-elf/lib/gcc/riscv64-unknown-elf/12.2.0/../../../../riscv64-unknown-elf/lib/libc.a(lib_a-impure.o)
 .data          0x80080428      0x408 /home/halip/x-tools/riscv64-unknown-elf/lib/gcc/riscv64-unknown-elf/12.2.0/../../../../riscv64-unknown-elf/lib/libc.a(lib_a-mallocr.o)
                0x80080428                __malloc_av_
 *(.gnu.linkonce.d.*)
                0x80080830                        . = ALIGN (0x8)
                0x80081030                        PROVIDE (__global_pointer$ = (. + 0x800))
 *(.sdata .sdata.*)
 .sdata.uxTopUsedPriority
                0x80080830        0x4 build//home/halip/projects/my_diplom/src_FreeRtos/tasks.o
                0x80080830                uxTopUsedPriority
 .sdata.pxCriticalNesting
                0x80080834        0x4 build//home/halip/projects/my_diplom/src_FreeRtos/portable/GCC/RISC-V/port.o
                0x80080834                pxCriticalNesting
 .sdata.xCriticalNesting
                0x80080838        0x4 build//home/halip/projects/my_diplom/src_FreeRtos/portable/GCC/RISC-V/port.o
                0x80080838                xCriticalNesting
 .sdata.pullNextTime
                0x8008083c        0x4 build//home/halip/projects/my_diplom/src_FreeRtos/portable/GCC/RISC-V/port.o
                0x8008083c                pullNextTime
 .sdata         0x80080840        0x4 /home/halip/x-tools/riscv64-unknown-elf/lib/gcc/riscv64-unknown-elf/12.2.0/../../../../riscv64-unknown-elf/lib/libc.a(lib_a-impure.o)
                0x80080840                _impure_ptr
 .sdata         0x80080844        0x8 /home/halip/x-tools/riscv64-unknown-elf/lib/gcc/riscv64-unknown-elf/12.2.0/../../../../riscv64-unknown-elf/lib/libc.a(lib_a-mallocr.o)
                0x80080844                __malloc_sbrk_base
                0x80080848                __malloc_trim_threshold
 *(.sdata2 .sdata2.*)
 *(.gnu.linkonce.s.*)
                0x80080850                        . = ALIGN (0x8)
 *fill*         0x8008084c        0x4 
 *(.srodata.cst16)
 *(.srodata.cst8)
 *(.srodata.cst4)
 *(.srodata.cst2)
 *(.srodata .srodata.*)
 .srodata.uxTimerIncrementsForOneTick
                0x80080850        0x4 build//home/halip/projects/my_diplom/src_FreeRtos/portable/GCC/RISC-V/port.o
                0x80080850                uxTimerIncrementsForOneTick
 .srodata.xISRStackTop
                0x80080854        0x4 build//home/halip/projects/my_diplom/src_FreeRtos/portable/GCC/RISC-V/port.o
                0x80080854                xISRStackTop
                0x80080858                        . = ALIGN (0x4)
                0x80080858                        _edata = .

.bss.align      0x80080858        0x0 load address 0x8000551c
                0x80080858                        . = ALIGN (0x4)
                0x80080858                        _bss = .

.bss.start      0x80080858        0x0 load address 0x8000551c
                0x8000551c                        _bss_lma = LOADADDR (.bss.start)

.bss            0x80080860    0x11e08 load address 0x8000551c
 *(.sbss*)
 .sbss.xQueue   0x80080860        0x4 build/main_blinky.o
 .sbss.uxSchedulerSuspended
                0x80080864        0x4 build//home/halip/projects/my_diplom/src_FreeRtos/tasks.o
 .sbss.xIdleTaskHandle
                0x80080868        0x4 build//home/halip/projects/my_diplom/src_FreeRtos/tasks.o
 .sbss.xNextTaskUnblockTime
                0x8008086c        0x4 build//home/halip/projects/my_diplom/src_FreeRtos/tasks.o
 .sbss.uxTaskNumber
                0x80080870        0x4 build//home/halip/projects/my_diplom/src_FreeRtos/tasks.o
 .sbss.xNumOfOverflows
                0x80080874        0x4 build//home/halip/projects/my_diplom/src_FreeRtos/tasks.o
 .sbss.xYieldPending
                0x80080878        0x4 build//home/halip/projects/my_diplom/src_FreeRtos/tasks.o
 .sbss.xPendedTicks
                0x8008087c        0x4 build//home/halip/projects/my_diplom/src_FreeRtos/tasks.o
 .sbss.xSchedulerRunning
                0x80080880        0x4 build//home/halip/projects/my_diplom/src_FreeRtos/tasks.o
 .sbss.uxTopReadyPriority
                0x80080884        0x4 build//home/halip/projects/my_diplom/src_FreeRtos/tasks.o
 .sbss.xTickCount
                0x80080888        0x4 build//home/halip/projects/my_diplom/src_FreeRtos/tasks.o
 .sbss.uxCurrentNumberOfTasks
                0x8008088c        0x4 build//home/halip/projects/my_diplom/src_FreeRtos/tasks.o
 .sbss.uxDeletedTasksWaitingCleanUp
                0x80080890        0x4 build//home/halip/projects/my_diplom/src_FreeRtos/tasks.o
 .sbss.pxOverflowDelayedTaskList
                0x80080894        0x4 build//home/halip/projects/my_diplom/src_FreeRtos/tasks.o
 .sbss.pxDelayedTaskList
                0x80080898        0x4 build//home/halip/projects/my_diplom/src_FreeRtos/tasks.o
 .sbss.pxCurrentTCB
                0x8008089c        0x4 build//home/halip/projects/my_diplom/src_FreeRtos/tasks.o
                0x8008089c                pxCurrentTCB
 .sbss.xLastTime.0
                0x800808a0        0x4 build//home/halip/projects/my_diplom/src_FreeRtos/timers.o
 .sbss.xTimerTaskHandle
                0x800808a4        0x4 build//home/halip/projects/my_diplom/src_FreeRtos/timers.o
 .sbss.xTimerQueue
                0x800808a8        0x4 build//home/halip/projects/my_diplom/src_FreeRtos/timers.o
 .sbss.pxOverflowTimerList
                0x800808ac        0x4 build//home/halip/projects/my_diplom/src_FreeRtos/timers.o
 .sbss.pxCurrentTimerList
                0x800808b0        0x4 build//home/halip/projects/my_diplom/src_FreeRtos/timers.o
 .sbss.xNumberOfSuccessfulFrees
                0x800808b4        0x4 build//home/halip/projects/my_diplom/src_FreeRtos/portable/MemMang/heap_4.o
 .sbss.xNumberOfSuccessfulAllocations
                0x800808b8        0x4 build//home/halip/projects/my_diplom/src_FreeRtos/portable/MemMang/heap_4.o
 .sbss.xMinimumEverFreeBytesRemaining
                0x800808bc        0x4 build//home/halip/projects/my_diplom/src_FreeRtos/portable/MemMang/heap_4.o
 .sbss.xFreeBytesRemaining
                0x800808c0        0x4 build//home/halip/projects/my_diplom/src_FreeRtos/portable/MemMang/heap_4.o
 .sbss.pxEnd    0x800808c4        0x4 build//home/halip/projects/my_diplom/src_FreeRtos/portable/MemMang/heap_4.o
 .sbss.xStart   0x800808c8        0x8 build//home/halip/projects/my_diplom/src_FreeRtos/portable/MemMang/heap_4.o
 .sbss.xTaskReturnAddress
                0x800808d0        0x4 build//home/halip/projects/my_diplom/src_FreeRtos/portable/GCC/RISC-V/port.o
                0x800808d0                xTaskReturnAddress
 .sbss.pullMachineTimerCompareRegister
                0x800808d4        0x4 build//home/halip/projects/my_diplom/src_FreeRtos/portable/GCC/RISC-V/port.o
                0x800808d4                pullMachineTimerCompareRegister
 .sbss.ullNextTime
                0x800808d8        0x8 build//home/halip/projects/my_diplom/src_FreeRtos/portable/GCC/RISC-V/port.o
                0x800808d8                ullNextTime
 .sbss          0x800808e0        0xc /home/halip/x-tools/riscv64-unknown-elf/lib/gcc/riscv64-unknown-elf/12.2.0/../../../../riscv64-unknown-elf/lib/libc.a(lib_a-mallocr.o)
                0x800808e0                __malloc_max_total_mem
                0x800808e4                __malloc_max_sbrked_mem
                0x800808e8                __malloc_top_pad
 .sbss          0x800808ec        0x4 /home/halip/x-tools/riscv64-unknown-elf/lib/gcc/riscv64-unknown-elf/12.2.0/../../../../riscv64-unknown-elf/lib/libc.a(lib_a-reent.o)
                0x800808ec                errno
 .sbss          0x800808f0        0x4 /home/halip/x-tools/riscv64-unknown-elf/lib/gcc/riscv64-unknown-elf/12.2.0/../../../../riscv64-unknown-elf/lib/libgloss.a(sys_sbrk.o)
 *(.gnu.linkonce.sb.*)
 *(.bss .bss.*)
 .bss.xQueueRegistry
                0x800808f4       0x40 build//home/halip/projects/my_diplom/src_FreeRtos/queue.o
                0x800808f4                xQueueRegistry
 .bss.xSuspendedTaskList
                0x80080934       0x14 build//home/halip/projects/my_diplom/src_FreeRtos/tasks.o
 .bss.xTasksWaitingTermination
                0x80080948       0x14 build//home/halip/projects/my_diplom/src_FreeRtos/tasks.o
 .bss.xPendingReadyList
                0x8008095c       0x14 build//home/halip/projects/my_diplom/src_FreeRtos/tasks.o
 .bss.xDelayedTaskList2
                0x80080970       0x14 build//home/halip/projects/my_diplom/src_FreeRtos/tasks.o
 .bss.xDelayedTaskList1
                0x80080984       0x14 build//home/halip/projects/my_diplom/src_FreeRtos/tasks.o
 .bss.pxReadyTasksLists
                0x80080998       0x8c build//home/halip/projects/my_diplom/src_FreeRtos/tasks.o
 .bss.xActiveTimerList2
                0x80080a24       0x14 build//home/halip/projects/my_diplom/src_FreeRtos/timers.o
 .bss.xActiveTimerList1
                0x80080a38       0x14 build//home/halip/projects/my_diplom/src_FreeRtos/timers.o
 .bss.ucHeap    0x80080a4c     0xfbf4 build//home/halip/projects/my_diplom/src_FreeRtos/portable/MemMang/heap_4.o
 .bss.xISRStack
                0x80090640     0x2000 build//home/halip/projects/my_diplom/src_FreeRtos/portable/GCC/RISC-V/port.o
 .bss           0x80092640       0x28 /home/halip/x-tools/riscv64-unknown-elf/lib/gcc/riscv64-unknown-elf/12.2.0/../../../../riscv64-unknown-elf/lib/libc.a(lib_a-mallocr.o)
                0x80092640                __malloc_current_mallinfo
 *(.gnu.linkonce.b.*)
 *(COMMON)
                0x80092668                        . = ALIGN (0x4)
                0x80092668                        _ebss = .
                0x80092668                        . = ALIGN (0x8)
                0x80092668                        _end = .

.stack          0x80092668      0x134
                0x80092670                        . = ALIGN (0x10)
 *fill*         0x80092668        0x8 
                0x8009279c                        . = (. + __stack_size)
 *fill*         0x80092670      0x12c 
                0x8009279c                        _stack_top = .
OUTPUT(build/RTOSDemo.axf elf32-littleriscv)

.comment        0x00000000       0x34
 .comment       0x00000000       0x34 build/main.o
                                 0x35 (size before relaxing)
 .comment       0x00000034       0x35 build/main_blinky.o
 .comment       0x00000034       0x35 build/riscv-virt.o
 .comment       0x00000034       0x35 build/ns16550.o
 .comment       0x00000034       0x35 build//home/halip/projects/my_diplom/src_FreeRtos/list.o
 .comment       0x00000034       0x35 build//home/halip/projects/my_diplom/src_FreeRtos/queue.o
 .comment       0x00000034       0x35 build//home/halip/projects/my_diplom/src_FreeRtos/tasks.o
 .comment       0x00000034       0x35 build//home/halip/projects/my_diplom/src_FreeRtos/timers.o
 .comment       0x00000034       0x35 build//home/halip/projects/my_diplom/src_FreeRtos/portable/MemMang/heap_4.o
 .comment       0x00000034       0x35 build//home/halip/projects/my_diplom/src_FreeRtos/portable/GCC/RISC-V/port.o
 .comment       0x00000034       0x35 /home/halip/x-tools/riscv64-unknown-elf/lib/gcc/riscv64-unknown-elf/12.2.0/libgcc.a(_clzsi2.o)
 .comment       0x00000034       0x35 /home/halip/x-tools/riscv64-unknown-elf/lib/gcc/riscv64-unknown-elf/12.2.0/libgcc.a(_clz.o)
 .comment       0x00000034       0x35 /home/halip/x-tools/riscv64-unknown-elf/lib/gcc/riscv64-unknown-elf/12.2.0/../../../../riscv64-unknown-elf/lib/libc.a(lib_a-sprintf.o)
 .comment       0x00000034       0x35 /home/halip/x-tools/riscv64-unknown-elf/lib/gcc/riscv64-unknown-elf/12.2.0/../../../../riscv64-unknown-elf/lib/libc.a(lib_a-strlen.o)
 .comment       0x00000034       0x35 /home/halip/x-tools/riscv64-unknown-elf/lib/gcc/riscv64-unknown-elf/12.2.0/../../../../riscv64-unknown-elf/lib/libc.a(lib_a-svfprintf.o)
 .comment       0x00000034       0x35 /home/halip/x-tools/riscv64-unknown-elf/lib/gcc/riscv64-unknown-elf/12.2.0/../../../../riscv64-unknown-elf/lib/libc.a(lib_a-impure.o)
 .comment       0x00000034       0x35 /home/halip/x-tools/riscv64-unknown-elf/lib/gcc/riscv64-unknown-elf/12.2.0/../../../../riscv64-unknown-elf/lib/libc.a(lib_a-mallocr.o)
 .comment       0x00000034       0x35 /home/halip/x-tools/riscv64-unknown-elf/lib/gcc/riscv64-unknown-elf/12.2.0/../../../../riscv64-unknown-elf/lib/libc.a(lib_a-memchr.o)
 .comment       0x00000034       0x35 /home/halip/x-tools/riscv64-unknown-elf/lib/gcc/riscv64-unknown-elf/12.2.0/../../../../riscv64-unknown-elf/lib/libc.a(lib_a-mlock.o)
 .comment       0x00000034       0x35 /home/halip/x-tools/riscv64-unknown-elf/lib/gcc/riscv64-unknown-elf/12.2.0/../../../../riscv64-unknown-elf/lib/libc.a(lib_a-sbrkr.o)
 .comment       0x00000034       0x35 /home/halip/x-tools/riscv64-unknown-elf/lib/gcc/riscv64-unknown-elf/12.2.0/../../../../riscv64-unknown-elf/lib/libc.a(lib_a-svfiprintf.o)
 .comment       0x00000034       0x35 /home/halip/x-tools/riscv64-unknown-elf/lib/gcc/riscv64-unknown-elf/12.2.0/../../../../riscv64-unknown-elf/lib/libc.a(lib_a-freer.o)
 .comment       0x00000034       0x35 /home/halip/x-tools/riscv64-unknown-elf/lib/gcc/riscv64-unknown-elf/12.2.0/../../../../riscv64-unknown-elf/lib/libc.a(lib_a-reallocr.o)
 .comment       0x00000034       0x35 /home/halip/x-tools/riscv64-unknown-elf/lib/gcc/riscv64-unknown-elf/12.2.0/../../../../riscv64-unknown-elf/lib/libc.a(lib_a-reent.o)
 .comment       0x00000034       0x35 /home/halip/x-tools/riscv64-unknown-elf/lib/gcc/riscv64-unknown-elf/12.2.0/../../../../riscv64-unknown-elf/lib/libgloss.a(sys_sbrk.o)
 .comment       0x00000034       0x35 /home/halip/x-tools/riscv64-unknown-elf/lib/gcc/riscv64-unknown-elf/12.2.0/../../../../riscv64-unknown-elf/lib/libc.a(lib_a-errno.o)

.riscv.attributes
                0x00000000       0x41
 .riscv.attributes
                0x00000000       0x41 build/main.o
 .riscv.attributes
                0x00000041       0x3d build/main_blinky.o
 .riscv.attributes
                0x0000007e       0x41 build/riscv-virt.o
 .riscv.attributes
                0x000000bf       0x3d build/ns16550.o
 .riscv.attributes
                0x000000fc       0x3d build//home/halip/projects/my_diplom/src_FreeRtos/list.o
 .riscv.attributes
                0x00000139       0x41 build//home/halip/projects/my_diplom/src_FreeRtos/queue.o
 .riscv.attributes
                0x0000017a       0x41 build//home/halip/projects/my_diplom/src_FreeRtos/tasks.o
 .riscv.attributes
                0x000001bb       0x41 build//home/halip/projects/my_diplom/src_FreeRtos/timers.o
 .riscv.attributes
                0x000001fc       0x41 build//home/halip/projects/my_diplom/src_FreeRtos/portable/MemMang/heap_4.o
 .riscv.attributes
                0x0000023d       0x41 build//home/halip/projects/my_diplom/src_FreeRtos/portable/GCC/RISC-V/port.o
 .riscv.attributes
                0x0000027e       0x3f build/start.o
 .riscv.attributes
                0x000002bd       0x3f build//home/halip/projects/my_diplom/src_FreeRtos/portable/GCC/RISC-V/portASM.o
 .riscv.attributes
                0x000002fc       0x38 /home/halip/x-tools/riscv64-unknown-elf/lib/gcc/riscv64-unknown-elf/12.2.0/libgcc.a(_clzsi2.o)
 .riscv.attributes
                0x00000334       0x38 /home/halip/x-tools/riscv64-unknown-elf/lib/gcc/riscv64-unknown-elf/12.2.0/libgcc.a(_clz.o)
 .riscv.attributes
                0x0000036c       0x36 /home/halip/x-tools/riscv64-unknown-elf/lib/gcc/riscv64-unknown-elf/12.2.0/../../../../riscv64-unknown-elf/lib/libc.a(lib_a-memcpy-asm.o)
 .riscv.attributes
                0x000003a2       0x36 /home/halip/x-tools/riscv64-unknown-elf/lib/gcc/riscv64-unknown-elf/12.2.0/../../../../riscv64-unknown-elf/lib/libc.a(lib_a-memset.o)
 .riscv.attributes
                0x000003d8       0x38 /home/halip/x-tools/riscv64-unknown-elf/lib/gcc/riscv64-unknown-elf/12.2.0/../../../../riscv64-unknown-elf/lib/libc.a(lib_a-sprintf.o)
 .riscv.attributes
                0x00000410       0x38 /home/halip/x-tools/riscv64-unknown-elf/lib/gcc/riscv64-unknown-elf/12.2.0/../../../../riscv64-unknown-elf/lib/libc.a(lib_a-strlen.o)
 .riscv.attributes
                0x00000448       0x38 /home/halip/x-tools/riscv64-unknown-elf/lib/gcc/riscv64-unknown-elf/12.2.0/../../../../riscv64-unknown-elf/lib/libc.a(lib_a-svfprintf.o)
 .riscv.attributes
                0x00000480       0x38 /home/halip/x-tools/riscv64-unknown-elf/lib/gcc/riscv64-unknown-elf/12.2.0/../../../../riscv64-unknown-elf/lib/libc.a(lib_a-impure.o)
 .riscv.attributes
                0x000004b8       0x38 /home/halip/x-tools/riscv64-unknown-elf/lib/gcc/riscv64-unknown-elf/12.2.0/../../../../riscv64-unknown-elf/lib/libc.a(lib_a-mallocr.o)
 .riscv.attributes
                0x000004f0       0x38 /home/halip/x-tools/riscv64-unknown-elf/lib/gcc/riscv64-unknown-elf/12.2.0/../../../../riscv64-unknown-elf/lib/libc.a(lib_a-memchr.o)
 .riscv.attributes
                0x00000528       0x38 /home/halip/x-tools/riscv64-unknown-elf/lib/gcc/riscv64-unknown-elf/12.2.0/../../../../riscv64-unknown-elf/lib/libc.a(lib_a-mlock.o)
 .riscv.attributes
                0x00000560       0x38 /home/halip/x-tools/riscv64-unknown-elf/lib/gcc/riscv64-unknown-elf/12.2.0/../../../../riscv64-unknown-elf/lib/libc.a(lib_a-sbrkr.o)
 .riscv.attributes
                0x00000598       0x38 /home/halip/x-tools/riscv64-unknown-elf/lib/gcc/riscv64-unknown-elf/12.2.0/../../../../riscv64-unknown-elf/lib/libc.a(lib_a-svfiprintf.o)
 .riscv.attributes
                0x000005d0       0x38 /home/halip/x-tools/riscv64-unknown-elf/lib/gcc/riscv64-unknown-elf/12.2.0/../../../../riscv64-unknown-elf/lib/libc.a(lib_a-freer.o)
 .riscv.attributes
                0x00000608       0x36 /home/halip/x-tools/riscv64-unknown-elf/lib/gcc/riscv64-unknown-elf/12.2.0/../../../../riscv64-unknown-elf/lib/libc.a(lib_a-memmove.o)
 .riscv.attributes
                0x0000063e       0x38 /home/halip/x-tools/riscv64-unknown-elf/lib/gcc/riscv64-unknown-elf/12.2.0/../../../../riscv64-unknown-elf/lib/libc.a(lib_a-reallocr.o)
 .riscv.attributes
                0x00000676       0x38 /home/halip/x-tools/riscv64-unknown-elf/lib/gcc/riscv64-unknown-elf/12.2.0/../../../../riscv64-unknown-elf/lib/libc.a(lib_a-reent.o)
 .riscv.attributes
                0x000006ae       0x38 /home/halip/x-tools/riscv64-unknown-elf/lib/gcc/riscv64-unknown-elf/12.2.0/../../../../riscv64-unknown-elf/lib/libgloss.a(sys_sbrk.o)
 .riscv.attributes
                0x000006e6       0x38 /home/halip/x-tools/riscv64-unknown-elf/lib/gcc/riscv64-unknown-elf/12.2.0/../../../../riscv64-unknown-elf/lib/libc.a(lib_a-errno.o)

.debug_info     0x00000000     0x8a52
 .debug_info    0x00000000      0x142 /home/halip/x-tools/riscv64-unknown-elf/lib/gcc/riscv64-unknown-elf/12.2.0/libgcc.a(_clzsi2.o)
 .debug_info    0x00000142       0xd8 /home/halip/x-tools/riscv64-unknown-elf/lib/gcc/riscv64-unknown-elf/12.2.0/libgcc.a(_clz.o)
 .debug_info    0x0000021a       0x31 /home/halip/x-tools/riscv64-unknown-elf/lib/gcc/riscv64-unknown-elf/12.2.0/../../../../riscv64-unknown-elf/lib/libc.a(lib_a-memcpy-asm.o)
 .debug_info    0x0000024b       0x31 /home/halip/x-tools/riscv64-unknown-elf/lib/gcc/riscv64-unknown-elf/12.2.0/../../../../riscv64-unknown-elf/lib/libc.a(lib_a-memset.o)
 .debug_info    0x0000027c      0xa16 /home/halip/x-tools/riscv64-unknown-elf/lib/gcc/riscv64-unknown-elf/12.2.0/../../../../riscv64-unknown-elf/lib/libc.a(lib_a-sprintf.o)
 .debug_info    0x00000c92       0xc9 /home/halip/x-tools/riscv64-unknown-elf/lib/gcc/riscv64-unknown-elf/12.2.0/../../../../riscv64-unknown-elf/lib/libc.a(lib_a-strlen.o)
 .debug_info    0x00000d5b     0x1164 /home/halip/x-tools/riscv64-unknown-elf/lib/gcc/riscv64-unknown-elf/12.2.0/../../../../riscv64-unknown-elf/lib/libc.a(lib_a-svfprintf.o)
 .debug_info    0x00001ebf      0x8ca /home/halip/x-tools/riscv64-unknown-elf/lib/gcc/riscv64-unknown-elf/12.2.0/../../../../riscv64-unknown-elf/lib/libc.a(lib_a-impure.o)
 .debug_info    0x00002789      0xd7b /home/halip/x-tools/riscv64-unknown-elf/lib/gcc/riscv64-unknown-elf/12.2.0/../../../../riscv64-unknown-elf/lib/libc.a(lib_a-mallocr.o)
 .debug_info    0x00003504       0xfc /home/halip/x-tools/riscv64-unknown-elf/lib/gcc/riscv64-unknown-elf/12.2.0/../../../../riscv64-unknown-elf/lib/libc.a(lib_a-memchr.o)
 .debug_info    0x00003600      0x8e0 /home/halip/x-tools/riscv64-unknown-elf/lib/gcc/riscv64-unknown-elf/12.2.0/../../../../riscv64-unknown-elf/lib/libc.a(lib_a-mlock.o)
 .debug_info    0x00003ee0      0x921 /home/halip/x-tools/riscv64-unknown-elf/lib/gcc/riscv64-unknown-elf/12.2.0/../../../../riscv64-unknown-elf/lib/libc.a(lib_a-sbrkr.o)
 .debug_info    0x00004801     0x12e0 /home/halip/x-tools/riscv64-unknown-elf/lib/gcc/riscv64-unknown-elf/12.2.0/../../../../riscv64-unknown-elf/lib/libc.a(lib_a-svfiprintf.o)
 .debug_info    0x00005ae1      0xc6f /home/halip/x-tools/riscv64-unknown-elf/lib/gcc/riscv64-unknown-elf/12.2.0/../../../../riscv64-unknown-elf/lib/libc.a(lib_a-freer.o)
 .debug_info    0x00006750       0x31 /home/halip/x-tools/riscv64-unknown-elf/lib/gcc/riscv64-unknown-elf/12.2.0/../../../../riscv64-unknown-elf/lib/libc.a(lib_a-memmove.o)
 .debug_info    0x00006781      0xd16 /home/halip/x-tools/riscv64-unknown-elf/lib/gcc/riscv64-unknown-elf/12.2.0/../../../../riscv64-unknown-elf/lib/libc.a(lib_a-reallocr.o)
 .debug_info    0x00007497      0xa24 /home/halip/x-tools/riscv64-unknown-elf/lib/gcc/riscv64-unknown-elf/12.2.0/../../../../riscv64-unknown-elf/lib/libc.a(lib_a-reent.o)
 .debug_info    0x00007ebb      0x2e2 /home/halip/x-tools/riscv64-unknown-elf/lib/gcc/riscv64-unknown-elf/12.2.0/../../../../riscv64-unknown-elf/lib/libgloss.a(sys_sbrk.o)
 .debug_info    0x0000819d      0x8b5 /home/halip/x-tools/riscv64-unknown-elf/lib/gcc/riscv64-unknown-elf/12.2.0/../../../../riscv64-unknown-elf/lib/libc.a(lib_a-errno.o)

.debug_abbrev   0x00000000     0x1f63
 .debug_abbrev  0x00000000       0xca /home/halip/x-tools/riscv64-unknown-elf/lib/gcc/riscv64-unknown-elf/12.2.0/libgcc.a(_clzsi2.o)
 .debug_abbrev  0x000000ca       0x70 /home/halip/x-tools/riscv64-unknown-elf/lib/gcc/riscv64-unknown-elf/12.2.0/libgcc.a(_clz.o)
 .debug_abbrev  0x0000013a       0x28 /home/halip/x-tools/riscv64-unknown-elf/lib/gcc/riscv64-unknown-elf/12.2.0/../../../../riscv64-unknown-elf/lib/libc.a(lib_a-memcpy-asm.o)
 .debug_abbrev  0x00000162       0x28 /home/halip/x-tools/riscv64-unknown-elf/lib/gcc/riscv64-unknown-elf/12.2.0/../../../../riscv64-unknown-elf/lib/libc.a(lib_a-memset.o)
 .debug_abbrev  0x0000018a      0x24d /home/halip/x-tools/riscv64-unknown-elf/lib/gcc/riscv64-unknown-elf/12.2.0/../../../../riscv64-unknown-elf/lib/libc.a(lib_a-sprintf.o)
 .debug_abbrev  0x000003d7       0x86 /home/halip/x-tools/riscv64-unknown-elf/lib/gcc/riscv64-unknown-elf/12.2.0/../../../../riscv64-unknown-elf/lib/libc.a(lib_a-strlen.o)
 .debug_abbrev  0x0000045d      0x2f0 /home/halip/x-tools/riscv64-unknown-elf/lib/gcc/riscv64-unknown-elf/12.2.0/../../../../riscv64-unknown-elf/lib/libc.a(lib_a-svfprintf.o)
 .debug_abbrev  0x0000074d      0x1ca /home/halip/x-tools/riscv64-unknown-elf/lib/gcc/riscv64-unknown-elf/12.2.0/../../../../riscv64-unknown-elf/lib/libc.a(lib_a-impure.o)
 .debug_abbrev  0x00000917      0x2f0 /home/halip/x-tools/riscv64-unknown-elf/lib/gcc/riscv64-unknown-elf/12.2.0/../../../../riscv64-unknown-elf/lib/libc.a(lib_a-mallocr.o)
 .debug_abbrev  0x00000c07       0xb8 /home/halip/x-tools/riscv64-unknown-elf/lib/gcc/riscv64-unknown-elf/12.2.0/../../../../riscv64-unknown-elf/lib/libc.a(lib_a-memchr.o)
 .debug_abbrev  0x00000cbf      0x202 /home/halip/x-tools/riscv64-unknown-elf/lib/gcc/riscv64-unknown-elf/12.2.0/../../../../riscv64-unknown-elf/lib/libc.a(lib_a-mlock.o)
 .debug_abbrev  0x00000ec1      0x22d /home/halip/x-tools/riscv64-unknown-elf/lib/gcc/riscv64-unknown-elf/12.2.0/../../../../riscv64-unknown-elf/lib/libc.a(lib_a-sbrkr.o)
 .debug_abbrev  0x000010ee      0x2fd /home/halip/x-tools/riscv64-unknown-elf/lib/gcc/riscv64-unknown-elf/12.2.0/../../../../riscv64-unknown-elf/lib/libc.a(lib_a-svfiprintf.o)
 .debug_abbrev  0x000013eb      0x2b4 /home/halip/x-tools/riscv64-unknown-elf/lib/gcc/riscv64-unknown-elf/12.2.0/../../../../riscv64-unknown-elf/lib/libc.a(lib_a-freer.o)
 .debug_abbrev  0x0000169f       0x28 /home/halip/x-tools/riscv64-unknown-elf/lib/gcc/riscv64-unknown-elf/12.2.0/../../../../riscv64-unknown-elf/lib/libc.a(lib_a-memmove.o)
 .debug_abbrev  0x000016c7      0x298 /home/halip/x-tools/riscv64-unknown-elf/lib/gcc/riscv64-unknown-elf/12.2.0/../../../../riscv64-unknown-elf/lib/libc.a(lib_a-reallocr.o)
 .debug_abbrev  0x0000195f      0x2ba /home/halip/x-tools/riscv64-unknown-elf/lib/gcc/riscv64-unknown-elf/12.2.0/../../../../riscv64-unknown-elf/lib/libc.a(lib_a-reent.o)
 .debug_abbrev  0x00001c19      0x17c /home/halip/x-tools/riscv64-unknown-elf/lib/gcc/riscv64-unknown-elf/12.2.0/../../../../riscv64-unknown-elf/lib/libgloss.a(sys_sbrk.o)
 .debug_abbrev  0x00001d95      0x1ce /home/halip/x-tools/riscv64-unknown-elf/lib/gcc/riscv64-unknown-elf/12.2.0/../../../../riscv64-unknown-elf/lib/libc.a(lib_a-errno.o)

.debug_loclists
                0x00000000     0x302d
 .debug_loclists
                0x00000000       0x62 /home/halip/x-tools/riscv64-unknown-elf/lib/gcc/riscv64-unknown-elf/12.2.0/libgcc.a(_clzsi2.o)
 .debug_loclists
                0x00000062       0xbe /home/halip/x-tools/riscv64-unknown-elf/lib/gcc/riscv64-unknown-elf/12.2.0/../../../../riscv64-unknown-elf/lib/libc.a(lib_a-sprintf.o)
 .debug_loclists
                0x00000120       0x3d /home/halip/x-tools/riscv64-unknown-elf/lib/gcc/riscv64-unknown-elf/12.2.0/../../../../riscv64-unknown-elf/lib/libc.a(lib_a-strlen.o)
 .debug_loclists
                0x0000015d      0x957 /home/halip/x-tools/riscv64-unknown-elf/lib/gcc/riscv64-unknown-elf/12.2.0/../../../../riscv64-unknown-elf/lib/libc.a(lib_a-svfprintf.o)
 .debug_loclists
                0x00000ab4      0x7c0 /home/halip/x-tools/riscv64-unknown-elf/lib/gcc/riscv64-unknown-elf/12.2.0/../../../../riscv64-unknown-elf/lib/libc.a(lib_a-mallocr.o)
 .debug_loclists
                0x00001274       0x73 /home/halip/x-tools/riscv64-unknown-elf/lib/gcc/riscv64-unknown-elf/12.2.0/../../../../riscv64-unknown-elf/lib/libc.a(lib_a-memchr.o)
 .debug_loclists
                0x000012e7       0x4b /home/halip/x-tools/riscv64-unknown-elf/lib/gcc/riscv64-unknown-elf/12.2.0/../../../../riscv64-unknown-elf/lib/libc.a(lib_a-sbrkr.o)
 .debug_loclists
                0x00001332      0xb1f /home/halip/x-tools/riscv64-unknown-elf/lib/gcc/riscv64-unknown-elf/12.2.0/../../../../riscv64-unknown-elf/lib/libc.a(lib_a-svfiprintf.o)
 .debug_loclists
                0x00001e51      0x3b0 /home/halip/x-tools/riscv64-unknown-elf/lib/gcc/riscv64-unknown-elf/12.2.0/../../../../riscv64-unknown-elf/lib/libc.a(lib_a-freer.o)
 .debug_loclists
                0x00002201      0xc34 /home/halip/x-tools/riscv64-unknown-elf/lib/gcc/riscv64-unknown-elf/12.2.0/../../../../riscv64-unknown-elf/lib/libc.a(lib_a-reallocr.o)
 .debug_loclists
                0x00002e35      0x12d /home/halip/x-tools/riscv64-unknown-elf/lib/gcc/riscv64-unknown-elf/12.2.0/../../../../riscv64-unknown-elf/lib/libc.a(lib_a-reent.o)
 .debug_loclists
                0x00002f62       0xcb /home/halip/x-tools/riscv64-unknown-elf/lib/gcc/riscv64-unknown-elf/12.2.0/../../../../riscv64-unknown-elf/lib/libgloss.a(sys_sbrk.o)

.debug_aranges  0x00000000      0x250
 .debug_aranges
                0x00000000       0x20 /home/halip/x-tools/riscv64-unknown-elf/lib/gcc/riscv64-unknown-elf/12.2.0/libgcc.a(_clzsi2.o)
 .debug_aranges
                0x00000020       0x18 /home/halip/x-tools/riscv64-unknown-elf/lib/gcc/riscv64-unknown-elf/12.2.0/libgcc.a(_clz.o)
 .debug_aranges
                0x00000038       0x20 /home/halip/x-tools/riscv64-unknown-elf/lib/gcc/riscv64-unknown-elf/12.2.0/../../../../riscv64-unknown-elf/lib/libc.a(lib_a-memcpy-asm.o)
 .debug_aranges
                0x00000058       0x20 /home/halip/x-tools/riscv64-unknown-elf/lib/gcc/riscv64-unknown-elf/12.2.0/../../../../riscv64-unknown-elf/lib/libc.a(lib_a-memset.o)
 .debug_aranges
                0x00000078       0x20 /home/halip/x-tools/riscv64-unknown-elf/lib/gcc/riscv64-unknown-elf/12.2.0/../../../../riscv64-unknown-elf/lib/libc.a(lib_a-sprintf.o)
 .debug_aranges
                0x00000098       0x20 /home/halip/x-tools/riscv64-unknown-elf/lib/gcc/riscv64-unknown-elf/12.2.0/../../../../riscv64-unknown-elf/lib/libc.a(lib_a-strlen.o)
 .debug_aranges
                0x000000b8       0x20 /home/halip/x-tools/riscv64-unknown-elf/lib/gcc/riscv64-unknown-elf/12.2.0/../../../../riscv64-unknown-elf/lib/libc.a(lib_a-svfprintf.o)
 .debug_aranges
                0x000000d8       0x18 /home/halip/x-tools/riscv64-unknown-elf/lib/gcc/riscv64-unknown-elf/12.2.0/../../../../riscv64-unknown-elf/lib/libc.a(lib_a-impure.o)
 .debug_aranges
                0x000000f0       0x20 /home/halip/x-tools/riscv64-unknown-elf/lib/gcc/riscv64-unknown-elf/12.2.0/../../../../riscv64-unknown-elf/lib/libc.a(lib_a-mallocr.o)
 .debug_aranges
                0x00000110       0x20 /home/halip/x-tools/riscv64-unknown-elf/lib/gcc/riscv64-unknown-elf/12.2.0/../../../../riscv64-unknown-elf/lib/libc.a(lib_a-memchr.o)
 .debug_aranges
                0x00000130       0x20 /home/halip/x-tools/riscv64-unknown-elf/lib/gcc/riscv64-unknown-elf/12.2.0/../../../../riscv64-unknown-elf/lib/libc.a(lib_a-mlock.o)
 .debug_aranges
                0x00000150       0x20 /home/halip/x-tools/riscv64-unknown-elf/lib/gcc/riscv64-unknown-elf/12.2.0/../../../../riscv64-unknown-elf/lib/libc.a(lib_a-sbrkr.o)
 .debug_aranges
                0x00000170       0x20 /home/halip/x-tools/riscv64-unknown-elf/lib/gcc/riscv64-unknown-elf/12.2.0/../../../../riscv64-unknown-elf/lib/libc.a(lib_a-svfiprintf.o)
 .debug_aranges
                0x00000190       0x20 /home/halip/x-tools/riscv64-unknown-elf/lib/gcc/riscv64-unknown-elf/12.2.0/../../../../riscv64-unknown-elf/lib/libc.a(lib_a-freer.o)
 .debug_aranges
                0x000001b0       0x20 /home/halip/x-tools/riscv64-unknown-elf/lib/gcc/riscv64-unknown-elf/12.2.0/../../../../riscv64-unknown-elf/lib/libc.a(lib_a-memmove.o)
 .debug_aranges
                0x000001d0       0x20 /home/halip/x-tools/riscv64-unknown-elf/lib/gcc/riscv64-unknown-elf/12.2.0/../../../../riscv64-unknown-elf/lib/libc.a(lib_a-reallocr.o)
 .debug_aranges
                0x000001f0       0x20 /home/halip/x-tools/riscv64-unknown-elf/lib/gcc/riscv64-unknown-elf/12.2.0/../../../../riscv64-unknown-elf/lib/libc.a(lib_a-reent.o)
 .debug_aranges
                0x00000210       0x20 /home/halip/x-tools/riscv64-unknown-elf/lib/gcc/riscv64-unknown-elf/12.2.0/../../../../riscv64-unknown-elf/lib/libgloss.a(sys_sbrk.o)
 .debug_aranges
                0x00000230       0x20 /home/halip/x-tools/riscv64-unknown-elf/lib/gcc/riscv64-unknown-elf/12.2.0/../../../../riscv64-unknown-elf/lib/libc.a(lib_a-errno.o)

.debug_rnglists
                0x00000000      0x1e8
 .debug_rnglists
                0x00000000       0x28 /home/halip/x-tools/riscv64-unknown-elf/lib/gcc/riscv64-unknown-elf/12.2.0/libgcc.a(_clzsi2.o)
 .debug_rnglists
                0x00000028       0x1f /home/halip/x-tools/riscv64-unknown-elf/lib/gcc/riscv64-unknown-elf/12.2.0/../../../../riscv64-unknown-elf/lib/libc.a(lib_a-svfprintf.o)
 .debug_rnglists
                0x00000047       0x1f /home/halip/x-tools/riscv64-unknown-elf/lib/gcc/riscv64-unknown-elf/12.2.0/../../../../riscv64-unknown-elf/lib/libc.a(lib_a-mallocr.o)
 .debug_rnglists
                0x00000066       0x3b /home/halip/x-tools/riscv64-unknown-elf/lib/gcc/riscv64-unknown-elf/12.2.0/../../../../riscv64-unknown-elf/lib/libc.a(lib_a-svfiprintf.o)
 .debug_rnglists
                0x000000a1       0xda /home/halip/x-tools/riscv64-unknown-elf/lib/gcc/riscv64-unknown-elf/12.2.0/../../../../riscv64-unknown-elf/lib/libc.a(lib_a-reallocr.o)
 .debug_rnglists
                0x0000017b       0x32 /home/halip/x-tools/riscv64-unknown-elf/lib/gcc/riscv64-unknown-elf/12.2.0/../../../../riscv64-unknown-elf/lib/libc.a(lib_a-reent.o)
 .debug_rnglists
                0x000001ad       0x3b /home/halip/x-tools/riscv64-unknown-elf/lib/gcc/riscv64-unknown-elf/12.2.0/../../../../riscv64-unknown-elf/lib/libgloss.a(sys_sbrk.o)

.debug_line     0x00000000     0x5583
 .debug_line    0x00000000       0xcb /home/halip/x-tools/riscv64-unknown-elf/lib/gcc/riscv64-unknown-elf/12.2.0/libgcc.a(_clzsi2.o)
 .debug_line    0x000000cb       0x3f /home/halip/x-tools/riscv64-unknown-elf/lib/gcc/riscv64-unknown-elf/12.2.0/libgcc.a(_clz.o)
 .debug_line    0x0000010a       0x7a /home/halip/x-tools/riscv64-unknown-elf/lib/gcc/riscv64-unknown-elf/12.2.0/../../../../riscv64-unknown-elf/lib/libc.a(lib_a-memcpy-asm.o)
 .debug_line    0x00000184       0x6e /home/halip/x-tools/riscv64-unknown-elf/lib/gcc/riscv64-unknown-elf/12.2.0/../../../../riscv64-unknown-elf/lib/libc.a(lib_a-memset.o)
 .debug_line    0x000001f2      0x25f /home/halip/x-tools/riscv64-unknown-elf/lib/gcc/riscv64-unknown-elf/12.2.0/../../../../riscv64-unknown-elf/lib/libc.a(lib_a-sprintf.o)
 .debug_line    0x00000451       0xb5 /home/halip/x-tools/riscv64-unknown-elf/lib/gcc/riscv64-unknown-elf/12.2.0/../../../../riscv64-unknown-elf/lib/libc.a(lib_a-strlen.o)
 .debug_line    0x00000506     0x1320 /home/halip/x-tools/riscv64-unknown-elf/lib/gcc/riscv64-unknown-elf/12.2.0/../../../../riscv64-unknown-elf/lib/libc.a(lib_a-svfprintf.o)
 .debug_line    0x00001826       0x56 /home/halip/x-tools/riscv64-unknown-elf/lib/gcc/riscv64-unknown-elf/12.2.0/../../../../riscv64-unknown-elf/lib/libc.a(lib_a-impure.o)
 .debug_line    0x0000187c      0xdd4 /home/halip/x-tools/riscv64-unknown-elf/lib/gcc/riscv64-unknown-elf/12.2.0/../../../../riscv64-unknown-elf/lib/libc.a(lib_a-mallocr.o)
 .debug_line    0x00002650       0xba /home/halip/x-tools/riscv64-unknown-elf/lib/gcc/riscv64-unknown-elf/12.2.0/../../../../riscv64-unknown-elf/lib/libc.a(lib_a-memchr.o)
 .debug_line    0x0000270a       0x8e /home/halip/x-tools/riscv64-unknown-elf/lib/gcc/riscv64-unknown-elf/12.2.0/../../../../riscv64-unknown-elf/lib/libc.a(lib_a-mlock.o)
 .debug_line    0x00002798      0x104 /home/halip/x-tools/riscv64-unknown-elf/lib/gcc/riscv64-unknown-elf/12.2.0/../../../../riscv64-unknown-elf/lib/libc.a(lib_a-sbrkr.o)
 .debug_line    0x0000289c     0x1696 /home/halip/x-tools/riscv64-unknown-elf/lib/gcc/riscv64-unknown-elf/12.2.0/../../../../riscv64-unknown-elf/lib/libc.a(lib_a-svfiprintf.o)
 .debug_line    0x00003f32      0x701 /home/halip/x-tools/riscv64-unknown-elf/lib/gcc/riscv64-unknown-elf/12.2.0/../../../../riscv64-unknown-elf/lib/libc.a(lib_a-freer.o)
 .debug_line    0x00004633       0x9e /home/halip/x-tools/riscv64-unknown-elf/lib/gcc/riscv64-unknown-elf/12.2.0/../../../../riscv64-unknown-elf/lib/libc.a(lib_a-memmove.o)
 .debug_line    0x000046d1      0x9ef /home/halip/x-tools/riscv64-unknown-elf/lib/gcc/riscv64-unknown-elf/12.2.0/../../../../riscv64-unknown-elf/lib/libc.a(lib_a-reallocr.o)
 .debug_line    0x000050c0      0x287 /home/halip/x-tools/riscv64-unknown-elf/lib/gcc/riscv64-unknown-elf/12.2.0/../../../../riscv64-unknown-elf/lib/libc.a(lib_a-reent.o)
 .debug_line    0x00005347      0x1be /home/halip/x-tools/riscv64-unknown-elf/lib/gcc/riscv64-unknown-elf/12.2.0/../../../../riscv64-unknown-elf/lib/libgloss.a(sys_sbrk.o)
 .debug_line    0x00005505       0x7e /home/halip/x-tools/riscv64-unknown-elf/lib/gcc/riscv64-unknown-elf/12.2.0/../../../../riscv64-unknown-elf/lib/libc.a(lib_a-errno.o)

.debug_str      0x00000000      0xd59
 .debug_str     0x00000000      0x14b /home/halip/x-tools/riscv64-unknown-elf/lib/gcc/riscv64-unknown-elf/12.2.0/libgcc.a(_clzsi2.o)
                                0x1a4 (size before relaxing)
 .debug_str     0x0000014b      0x187 /home/halip/x-tools/riscv64-unknown-elf/lib/gcc/riscv64-unknown-elf/12.2.0/libgcc.a(_clz.o)
 .debug_str     0x0000014b       0xfe /home/halip/x-tools/riscv64-unknown-elf/lib/gcc/riscv64-unknown-elf/12.2.0/../../../../riscv64-unknown-elf/lib/libc.a(lib_a-memcpy-asm.o)
 .debug_str     0x00000249       0x72 /home/halip/x-tools/riscv64-unknown-elf/lib/gcc/riscv64-unknown-elf/12.2.0/../../../../riscv64-unknown-elf/lib/libc.a(lib_a-memset.o)
                                 0xfa (size before relaxing)
 .debug_str     0x000002bb      0x42e /home/halip/x-tools/riscv64-unknown-elf/lib/gcc/riscv64-unknown-elf/12.2.0/../../../../riscv64-unknown-elf/lib/libc.a(lib_a-sprintf.o)
                                0x514 (size before relaxing)
 .debug_str     0x000006e9        0xd /home/halip/x-tools/riscv64-unknown-elf/lib/gcc/riscv64-unknown-elf/12.2.0/../../../../riscv64-unknown-elf/lib/libc.a(lib_a-strlen.o)
                                0x105 (size before relaxing)
 .debug_str     0x000006f6      0x23f /home/halip/x-tools/riscv64-unknown-elf/lib/gcc/riscv64-unknown-elf/12.2.0/../../../../riscv64-unknown-elf/lib/libc.a(lib_a-svfprintf.o)
                                0x80b (size before relaxing)
 .debug_str     0x00000935       0x1f /home/halip/x-tools/riscv64-unknown-elf/lib/gcc/riscv64-unknown-elf/12.2.0/../../../../riscv64-unknown-elf/lib/libc.a(lib_a-impure.o)
                                0x4e5 (size before relaxing)
 .debug_str     0x00000954      0x1f8 /home/halip/x-tools/riscv64-unknown-elf/lib/gcc/riscv64-unknown-elf/12.2.0/../../../../riscv64-unknown-elf/lib/libc.a(lib_a-mallocr.o)
                                0x6f1 (size before relaxing)
 .debug_str     0x00000b4c       0x10 /home/halip/x-tools/riscv64-unknown-elf/lib/gcc/riscv64-unknown-elf/12.2.0/../../../../riscv64-unknown-elf/lib/libc.a(lib_a-memchr.o)
                                0x10f (size before relaxing)
 .debug_str     0x00000b5c       0x19 /home/halip/x-tools/riscv64-unknown-elf/lib/gcc/riscv64-unknown-elf/12.2.0/../../../../riscv64-unknown-elf/lib/libc.a(lib_a-mlock.o)
                                0x4f1 (size before relaxing)
 .debug_str     0x00000b75        0xb /home/halip/x-tools/riscv64-unknown-elf/lib/gcc/riscv64-unknown-elf/12.2.0/../../../../riscv64-unknown-elf/lib/libc.a(lib_a-sbrkr.o)
                                0x4dd (size before relaxing)
 .debug_str     0x00000b80       0x30 /home/halip/x-tools/riscv64-unknown-elf/lib/gcc/riscv64-unknown-elf/12.2.0/../../../../riscv64-unknown-elf/lib/libc.a(lib_a-svfiprintf.o)
                                0x835 (size before relaxing)
 .debug_str     0x00000bb0       0x34 /home/halip/x-tools/riscv64-unknown-elf/lib/gcc/riscv64-unknown-elf/12.2.0/../../../../riscv64-unknown-elf/lib/libc.a(lib_a-freer.o)
                                0x63b (size before relaxing)
 .debug_str     0x00000be4       0x6c /home/halip/x-tools/riscv64-unknown-elf/lib/gcc/riscv64-unknown-elf/12.2.0/../../../../riscv64-unknown-elf/lib/libc.a(lib_a-memmove.o)
                                 0xfc (size before relaxing)
 .debug_str     0x00000c50       0x4e /home/halip/x-tools/riscv64-unknown-elf/lib/gcc/riscv64-unknown-elf/12.2.0/../../../../riscv64-unknown-elf/lib/libc.a(lib_a-reallocr.o)
                                0x5c3 (size before relaxing)
 .debug_str     0x00000c9e       0x2c /home/halip/x-tools/riscv64-unknown-elf/lib/gcc/riscv64-unknown-elf/12.2.0/../../../../riscv64-unknown-elf/lib/libc.a(lib_a-reent.o)
                                0x505 (size before relaxing)
 .debug_str     0x00000cca       0x8f /home/halip/x-tools/riscv64-unknown-elf/lib/gcc/riscv64-unknown-elf/12.2.0/../../../../riscv64-unknown-elf/lib/libgloss.a(sys_sbrk.o)
                                0x139 (size before relaxing)
 .debug_str     0x00000d59      0x4ce /home/halip/x-tools/riscv64-unknown-elf/lib/gcc/riscv64-unknown-elf/12.2.0/../../../../riscv64-unknown-elf/lib/libc.a(lib_a-errno.o)

.debug_line_str
                0x00000000      0xdaf
 .debug_line_str
                0x00000000      0x11d /home/halip/x-tools/riscv64-unknown-elf/lib/gcc/riscv64-unknown-elf/12.2.0/libgcc.a(_clzsi2.o)
                                0x1a2 (size before relaxing)
 .debug_line_str
                0x0000011d      0x1a2 /home/halip/x-tools/riscv64-unknown-elf/lib/gcc/riscv64-unknown-elf/12.2.0/libgcc.a(_clz.o)
 .debug_line_str
                0x0000011d       0xeb /home/halip/x-tools/riscv64-unknown-elf/lib/gcc/riscv64-unknown-elf/12.2.0/../../../../riscv64-unknown-elf/lib/libc.a(lib_a-memcpy-asm.o)
 .debug_line_str
                0x00000208        0x9 /home/halip/x-tools/riscv64-unknown-elf/lib/gcc/riscv64-unknown-elf/12.2.0/../../../../riscv64-unknown-elf/lib/libc.a(lib_a-memset.o)
                                 0xe7 (size before relaxing)
 .debug_line_str
                0x00000211      0x276 /home/halip/x-tools/riscv64-unknown-elf/lib/gcc/riscv64-unknown-elf/12.2.0/../../../../riscv64-unknown-elf/lib/libc.a(lib_a-sprintf.o)
                                0x307 (size before relaxing)
 .debug_line_str
                0x00000487       0x74 /home/halip/x-tools/riscv64-unknown-elf/lib/gcc/riscv64-unknown-elf/12.2.0/../../../../riscv64-unknown-elf/lib/libc.a(lib_a-strlen.o)
                                0x2aa (size before relaxing)
 .debug_line_str
                0x000004fb      0x16b /home/halip/x-tools/riscv64-unknown-elf/lib/gcc/riscv64-unknown-elf/12.2.0/../../../../riscv64-unknown-elf/lib/libc.a(lib_a-svfprintf.o)
                                0x422 (size before relaxing)
 .debug_line_str
                0x00000666      0x131 /home/halip/x-tools/riscv64-unknown-elf/lib/gcc/riscv64-unknown-elf/12.2.0/../../../../riscv64-unknown-elf/lib/libc.a(lib_a-impure.o)
                                0x29d (size before relaxing)
 .debug_line_str
                0x00000797      0x135 /home/halip/x-tools/riscv64-unknown-elf/lib/gcc/riscv64-unknown-elf/12.2.0/../../../../riscv64-unknown-elf/lib/libc.a(lib_a-mallocr.o)
                                0x2fa (size before relaxing)
 .debug_line_str
                0x000008cc      0x134 /home/halip/x-tools/riscv64-unknown-elf/lib/gcc/riscv64-unknown-elf/12.2.0/../../../../riscv64-unknown-elf/lib/libc.a(lib_a-memchr.o)
                                0x28e (size before relaxing)
 .debug_line_str
                0x00000a00       0x6c /home/halip/x-tools/riscv64-unknown-elf/lib/gcc/riscv64-unknown-elf/12.2.0/../../../../riscv64-unknown-elf/lib/libc.a(lib_a-mlock.o)
                                0x2f5 (size before relaxing)
 .debug_line_str
                0x00000a6c       0x62 /home/halip/x-tools/riscv64-unknown-elf/lib/gcc/riscv64-unknown-elf/12.2.0/../../../../riscv64-unknown-elf/lib/libc.a(lib_a-sbrkr.o)
                                0x2f0 (size before relaxing)
 .debug_line_str
                0x00000ace      0x422 /home/halip/x-tools/riscv64-unknown-elf/lib/gcc/riscv64-unknown-elf/12.2.0/../../../../riscv64-unknown-elf/lib/libc.a(lib_a-svfiprintf.o)
 .debug_line_str
                0x00000ace      0x2fa /home/halip/x-tools/riscv64-unknown-elf/lib/gcc/riscv64-unknown-elf/12.2.0/../../../../riscv64-unknown-elf/lib/libc.a(lib_a-freer.o)
 .debug_line_str
                0x00000ace        0xa /home/halip/x-tools/riscv64-unknown-elf/lib/gcc/riscv64-unknown-elf/12.2.0/../../../../riscv64-unknown-elf/lib/libc.a(lib_a-memmove.o)
                                 0xe8 (size before relaxing)
 .debug_line_str
                0x00000ad8      0x2a4 /home/halip/x-tools/riscv64-unknown-elf/lib/gcc/riscv64-unknown-elf/12.2.0/../../../../riscv64-unknown-elf/lib/libc.a(lib_a-reallocr.o)
 .debug_line_str
                0x00000ad8       0x62 /home/halip/x-tools/riscv64-unknown-elf/lib/gcc/riscv64-unknown-elf/12.2.0/../../../../riscv64-unknown-elf/lib/libc.a(lib_a-reent.o)
                                0x2f1 (size before relaxing)
 .debug_line_str
                0x00000b3a      0x145 /home/halip/x-tools/riscv64-unknown-elf/lib/gcc/riscv64-unknown-elf/12.2.0/../../../../riscv64-unknown-elf/lib/libgloss.a(sys_sbrk.o)
                                0x29a (size before relaxing)
 .debug_line_str
                0x00000c7f      0x130 /home/halip/x-tools/riscv64-unknown-elf/lib/gcc/riscv64-unknown-elf/12.2.0/../../../../riscv64-unknown-elf/lib/libc.a(lib_a-errno.o)
                                0x2a2 (size before relaxing)

.debug_frame    0x00000000      0x424
 .debug_frame   0x00000000       0x20 /home/halip/x-tools/riscv64-unknown-elf/lib/gcc/riscv64-unknown-elf/12.2.0/libgcc.a(_clzsi2.o)
 .debug_frame   0x00000020       0x4c /home/halip/x-tools/riscv64-unknown-elf/lib/gcc/riscv64-unknown-elf/12.2.0/../../../../riscv64-unknown-elf/lib/libc.a(lib_a-sprintf.o)
 .debug_frame   0x0000006c       0x20 /home/halip/x-tools/riscv64-unknown-elf/lib/gcc/riscv64-unknown-elf/12.2.0/../../../../riscv64-unknown-elf/lib/libc.a(lib_a-strlen.o)
 .debug_frame   0x0000008c       0x64 /home/halip/x-tools/riscv64-unknown-elf/lib/gcc/riscv64-unknown-elf/12.2.0/../../../../riscv64-unknown-elf/lib/libc.a(lib_a-svfprintf.o)
 .debug_frame   0x000000f0       0x58 /home/halip/x-tools/riscv64-unknown-elf/lib/gcc/riscv64-unknown-elf/12.2.0/../../../../riscv64-unknown-elf/lib/libc.a(lib_a-mallocr.o)
 .debug_frame   0x00000148       0x20 /home/halip/x-tools/riscv64-unknown-elf/lib/gcc/riscv64-unknown-elf/12.2.0/../../../../riscv64-unknown-elf/lib/libc.a(lib_a-memchr.o)
 .debug_frame   0x00000168       0x30 /home/halip/x-tools/riscv64-unknown-elf/lib/gcc/riscv64-unknown-elf/12.2.0/../../../../riscv64-unknown-elf/lib/libc.a(lib_a-mlock.o)
 .debug_frame   0x00000198       0x34 /home/halip/x-tools/riscv64-unknown-elf/lib/gcc/riscv64-unknown-elf/12.2.0/../../../../riscv64-unknown-elf/lib/libc.a(lib_a-sbrkr.o)
 .debug_frame   0x000001cc       0xb0 /home/halip/x-tools/riscv64-unknown-elf/lib/gcc/riscv64-unknown-elf/12.2.0/../../../../riscv64-unknown-elf/lib/libc.a(lib_a-svfiprintf.o)
 .debug_frame   0x0000027c       0x74 /home/halip/x-tools/riscv64-unknown-elf/lib/gcc/riscv64-unknown-elf/12.2.0/../../../../riscv64-unknown-elf/lib/libc.a(lib_a-freer.o)
 .debug_frame   0x000002f0       0x70 /home/halip/x-tools/riscv64-unknown-elf/lib/gcc/riscv64-unknown-elf/12.2.0/../../../../riscv64-unknown-elf/lib/libc.a(lib_a-reallocr.o)
 .debug_frame   0x00000360       0x74 /home/halip/x-tools/riscv64-unknown-elf/lib/gcc/riscv64-unknown-elf/12.2.0/../../../../riscv64-unknown-elf/lib/libc.a(lib_a-reent.o)
 .debug_frame   0x000003d4       0x30 /home/halip/x-tools/riscv64-unknown-elf/lib/gcc/riscv64-unknown-elf/12.2.0/../../../../riscv64-unknown-elf/lib/libgloss.a(sys_sbrk.o)
 .debug_frame   0x00000404       0x20 /home/halip/x-tools/riscv64-unknown-elf/lib/gcc/riscv64-unknown-elf/12.2.0/../../../../riscv64-unknown-elf/lib/libc.a(lib_a-errno.o)
